Archive member included to satisfy reference by file (symbol)

C:/PROGRA~2/ARMGNU~1/133167~1.3RE/bin/../lib/gcc/arm-none-eabi/13.3.1/thumb/v7e-m/nofp\libgcc.a(_arm_muldf3.o)
                              CMakeFiles/stm32.elf.dir/Core/Src/MPU9250.c.obj (__aeabi_dmul)
C:/PROGRA~2/ARMGNU~1/133167~1.3RE/bin/../lib/gcc/arm-none-eabi/13.3.1/thumb/v7e-m/nofp\libgcc.a(_arm_mulsf3.o)
                              CMakeFiles/stm32.elf.dir/Drivers/CMSIS/DSP/Source/FilteringFunctions/arm_biquad_cascade_df1_f32.c.obj (__aeabi_fmul)
C:/PROGRA~2/ARMGNU~1/133167~1.3RE/bin/../lib/gcc/arm-none-eabi/13.3.1/thumb/v7e-m/nofp\libgcc.a(_arm_addsubdf3.o)
                              CMakeFiles/stm32.elf.dir/Core/Src/stm32f4xx_it.c.obj (__aeabi_dadd)
C:/PROGRA~2/ARMGNU~1/133167~1.3RE/bin/../lib/gcc/arm-none-eabi/13.3.1/thumb/v7e-m/nofp\libgcc.a(_arm_muldivdf3.o)
                              CMakeFiles/stm32.elf.dir/Core/Src/MPU9250.c.obj (__aeabi_ddiv)
C:/PROGRA~2/ARMGNU~1/133167~1.3RE/bin/../lib/gcc/arm-none-eabi/13.3.1/thumb/v7e-m/nofp\libgcc.a(_arm_truncdfsf2.o)
                              CMakeFiles/stm32.elf.dir/Core/Src/MPU9250.c.obj (__aeabi_d2f)
C:/PROGRA~2/ARMGNU~1/133167~1.3RE/bin/../lib/gcc/arm-none-eabi/13.3.1/thumb/v7e-m/nofp\libgcc.a(_arm_addsubsf3.o)
                              CMakeFiles/stm32.elf.dir/Drivers/CMSIS/DSP/Source/FilteringFunctions/arm_iir_lattice_f32.c.obj (__aeabi_fsub)
C:/PROGRA~2/ARMGNU~1/133167~1.3RE/bin/../lib/gcc/arm-none-eabi/13.3.1/thumb/v7e-m/nofp\libgcc.a(_arm_muldivsf3.o)
                              CMakeFiles/stm32.elf.dir/Drivers/CMSIS/DSP/Source/FilteringFunctions/arm_levinson_durbin_f32.c.obj (__aeabi_fdiv)
C:/PROGRA~2/ARMGNU~1/133167~1.3RE/bin/../lib/gcc/arm-none-eabi/13.3.1/thumb/v7e-m/nofp\libgcc.a(_aeabi_uldivmod.o)
                              CMakeFiles/stm32.elf.dir/Drivers/STM32F4xx_HAL_Driver/Src/stm32f4xx_hal_rcc.c.obj (__aeabi_uldivmod)
C:/PROGRA~2/ARMGNU~1/133167~1.3RE/bin/../lib/gcc/arm-none-eabi/13.3.1/thumb/v7e-m/nofp\libgcc.a(_udivmoddi4.o)
                              C:/PROGRA~2/ARMGNU~1/133167~1.3RE/bin/../lib/gcc/arm-none-eabi/13.3.1/thumb/v7e-m/nofp\libgcc.a(_aeabi_uldivmod.o) (__udivmoddi4)
C:/PROGRA~2/ARMGNU~1/133167~1.3RE/bin/../lib/gcc/arm-none-eabi/13.3.1/thumb/v7e-m/nofp\libgcc.a(_dvmd_tls.o)
                              C:/PROGRA~2/ARMGNU~1/133167~1.3RE/bin/../lib/gcc/arm-none-eabi/13.3.1/thumb/v7e-m/nofp\libgcc.a(_aeabi_uldivmod.o) (__aeabi_ldiv0)
C:/PROGRA~2/ARMGNU~1/133167~1.3RE/bin/../lib/gcc/arm-none-eabi/13.3.1/thumb/v7e-m/nofp\libg.a(libc_a-exit.o)
                              C:/PROGRA~2/ARMGNU~1/133167~1.3RE/bin/../lib/gcc/arm-none-eabi/13.3.1/thumb/v7e-m/nofp/crt0.o (exit)
C:/PROGRA~2/ARMGNU~1/133167~1.3RE/bin/../lib/gcc/arm-none-eabi/13.3.1/thumb/v7e-m/nofp\libg.a(libc_a-findfp.o)
                              C:/PROGRA~2/ARMGNU~1/133167~1.3RE/bin/../lib/gcc/arm-none-eabi/13.3.1/thumb/v7e-m/nofp\libg.a(libc_a-exit.o) (__stdio_exit_handler)
C:/PROGRA~2/ARMGNU~1/133167~1.3RE/bin/../lib/gcc/arm-none-eabi/13.3.1/thumb/v7e-m/nofp\libg.a(libc_a-fwalk.o)
                              C:/PROGRA~2/ARMGNU~1/133167~1.3RE/bin/../lib/gcc/arm-none-eabi/13.3.1/thumb/v7e-m/nofp\libg.a(libc_a-findfp.o) (_fwalk_sglue)
C:/PROGRA~2/ARMGNU~1/133167~1.3RE/bin/../lib/gcc/arm-none-eabi/13.3.1/thumb/v7e-m/nofp\libg.a(libc_a-sprintf.o)
                              CMakeFiles/stm32.elf.dir/Core/Src/main.c.obj (sprintf)
C:/PROGRA~2/ARMGNU~1/133167~1.3RE/bin/../lib/gcc/arm-none-eabi/13.3.1/thumb/v7e-m/nofp\libg.a(libc_a-stdio.o)
                              C:/PROGRA~2/ARMGNU~1/133167~1.3RE/bin/../lib/gcc/arm-none-eabi/13.3.1/thumb/v7e-m/nofp\libg.a(libc_a-findfp.o) (__sread)
C:/PROGRA~2/ARMGNU~1/133167~1.3RE/bin/../lib/gcc/arm-none-eabi/13.3.1/thumb/v7e-m/nofp\libg.a(libc_a-memset.o)
                              C:/PROGRA~2/ARMGNU~1/133167~1.3RE/bin/../lib/gcc/arm-none-eabi/13.3.1/thumb/v7e-m/nofp/crt0.o (memset)
C:/PROGRA~2/ARMGNU~1/133167~1.3RE/bin/../lib/gcc/arm-none-eabi/13.3.1/thumb/v7e-m/nofp\libg.a(libc_a-closer.o)
                              C:/PROGRA~2/ARMGNU~1/133167~1.3RE/bin/../lib/gcc/arm-none-eabi/13.3.1/thumb/v7e-m/nofp\libg.a(libc_a-stdio.o) (_close_r)
C:/PROGRA~2/ARMGNU~1/133167~1.3RE/bin/../lib/gcc/arm-none-eabi/13.3.1/thumb/v7e-m/nofp\libg.a(libc_a-reent.o)
                              C:/PROGRA~2/ARMGNU~1/133167~1.3RE/bin/../lib/gcc/arm-none-eabi/13.3.1/thumb/v7e-m/nofp\libg.a(libc_a-closer.o) (errno)
C:/PROGRA~2/ARMGNU~1/133167~1.3RE/bin/../lib/gcc/arm-none-eabi/13.3.1/thumb/v7e-m/nofp\libg.a(libc_a-impure.o)
                              C:/PROGRA~2/ARMGNU~1/133167~1.3RE/bin/../lib/gcc/arm-none-eabi/13.3.1/thumb/v7e-m/nofp\libg.a(libc_a-sprintf.o) (_impure_ptr)
C:/PROGRA~2/ARMGNU~1/133167~1.3RE/bin/../lib/gcc/arm-none-eabi/13.3.1/thumb/v7e-m/nofp\libg.a(libc_a-lseekr.o)
                              C:/PROGRA~2/ARMGNU~1/133167~1.3RE/bin/../lib/gcc/arm-none-eabi/13.3.1/thumb/v7e-m/nofp\libg.a(libc_a-stdio.o) (_lseek_r)
[...]
Memory Configuration

Name             Origin             Length             Attributes
RAM              0x20000000         0x00010000         xrw
FLASH            0x08000000         0x00040000         xr
*default*        0x00000000         0xffffffff

Linker script and memory map

LOAD C:/PROGRA~2/ARMGNU~1/133167~1.3RE/bin/../lib/gcc/arm-none-eabi/13.3.1/thumb/v7e-m/nofp/crti.o
LOAD C:/PROGRA~2/ARMGNU~1/133167~1.3RE/bin/../lib/gcc/arm-none-eabi/13.3.1/thumb/v7e-m/nofp/crtbegin.o
LOAD C:/PROGRA~2/ARMGNU~1/133167~1.3RE/bin/../lib/gcc/arm-none-eabi/13.3.1/thumb/v7e-m/nofp/crt0.o
LOAD CMakeFiles/stm32.elf.dir/Core/Src/MPU9250.c.obj
LOAD CMakeFiles/stm32.elf.dir/Core/Src/main.c.obj
LOAD CMakeFiles/stm32.elf.dir/Core/Src/stm32f4xx_hal_msp.c.obj
LOAD CMakeFiles/stm32.elf.dir/Core/Src/stm32f4xx_it.c.obj
LOAD CMakeFiles/stm32.elf.dir/Core/Src/syscalls.c.obj
LOAD CMakeFiles/stm32.elf.dir/Core/Src/sysmem.c.obj
LOAD CMakeFiles/stm32.elf.dir/Core/Src/system_stm32f4xx.c.obj
LOAD CMakeFiles/stm32.elf.dir/Core/Startup/startup_stm32f401ccux.s.obj
LOAD CMakeFiles/stm32.elf.dir/Drivers/CMSIS/DSP/Source/FilteringFunctions/FilteringFunctions.c.obj
LOAD CMakeFiles/stm32.elf.dir/Drivers/CMSIS/DSP/Source/FilteringFunctions/FilteringFunctionsF16.c.obj
LOAD CMakeFiles/stm32.elf.dir/Drivers/CMSIS/DSP/Source/FilteringFunctions/arm_biquad_cascade_df1_32x64_init_q31.c.obj
LOAD CMakeFiles/stm32.elf.dir/Drivers/CMSIS/DSP/Source/FilteringFunctions/arm_biquad_cascade_df1_32x64_q31.c.obj
LOAD CMakeFiles/stm32.elf.dir/Drivers/CMSIS/DSP/Source/FilteringFunctions/arm_biquad_cascade_df1_f16.c.obj
LOAD CMakeFiles/stm32.elf.dir/Drivers/CMSIS/DSP/Source/FilteringFunctions/arm_biquad_cascade_df1_f32.c.obj
LOAD CMakeFiles/stm32.elf.dir/Drivers/CMSIS/DSP/Source/FilteringFunctions/arm_biquad_cascade_df1_fast_q15.c.obj
LOAD CMakeFiles/stm32.elf.dir/Drivers/CMSIS/DSP/Source/FilteringFunctions/arm_biquad_cascade_df1_fast_q31.c.obj
LOAD CMakeFiles/stm32.elf.dir/Drivers/CMSIS/DSP/Source/FilteringFunctions/arm_biquad_cascade_df1_init_f16.c.obj
LOAD CMakeFiles/stm32.elf.dir/Drivers/CMSIS/DSP/Source/FilteringFunctions/arm_biquad_cascade_df1_init_f32.c.obj
LOAD CMakeFiles/stm32.elf.dir/Drivers/CMSIS/DSP/Source/FilteringFunctions/arm_biquad_cascade_df1_init_q15.c.obj
LOAD CMakeFiles/stm32.elf.dir/Drivers/CMSIS/DSP/Source/FilteringFunctions/arm_biquad_cascade_df1_init_q31.c.obj
LOAD CMakeFiles/stm32.elf.dir/Drivers/CMSIS/DSP/Source/FilteringFunctions/arm_biquad_cascade_df1_q15.c.obj
LOAD CMakeFiles/stm32.elf.dir/Drivers/CMSIS/DSP/Source/FilteringFunctions/arm_biquad_cascade_df1_q31.c.obj
LOAD CMakeFiles/stm32.elf.dir/Drivers/CMSIS/DSP/Source/FilteringFunctions/arm_biquad_cascade_df2T_f16.c.obj
LOAD CMakeFiles/stm32.elf.dir/Drivers/CMSIS/DSP/Source/FilteringFunctions/arm_biquad_cascade_df2T_f32.c.obj
LOAD CMakeFiles/stm32.elf.dir/Drivers/CMSIS/DSP/Source/FilteringFunctions/arm_biquad_cascade_df2T_f64.c.obj
LOAD CMakeFiles/stm32.elf.dir/Drivers/CMSIS/DSP/Source/FilteringFunctions/arm_biquad_cascade_df2T_init_f16.c.obj
LOAD CMakeFiles/stm32.elf.dir/Drivers/CMSIS/DSP/Source/FilteringFunctions/arm_biquad_cascade_df2T_init_f32.c.obj
LOAD CMakeFiles/stm32.elf.dir/Drivers/CMSIS/DSP/Source/FilteringFunctions/arm_biquad_cascade_df2T_init_f64.c.obj
LOAD CMakeFiles/stm32.elf.dir/Drivers/CMSIS/DSP/Source/FilteringFunctions/arm_biquad_cascade_stereo_df2T_f16.c.obj
LOAD CMakeFiles/stm32.elf.dir/Drivers/CMSIS/DSP/Source/FilteringFunctions/arm_biquad_cascade_stereo_df2T_f32.c.obj
LOAD CMakeFiles/stm32.elf.dir/Drivers/CMSIS/DSP/Source/FilteringFunctions/arm_biquad_cascade_stereo_df2T_init_f16.c.obj
LOAD CMakeFiles/stm32.elf.dir/Drivers/CMSIS/DSP/Source/FilteringFunctions/arm_biquad_cascade_stereo_df2T_init_f32.c.obj
LOAD CMakeFiles/stm32.elf.dir/Drivers/CMSIS/DSP/Source/FilteringFunctions/arm_conv_f32.c.obj
LOAD CMakeFiles/stm32.elf.dir/Drivers/CMSIS/DSP/Source/FilteringFunctions/arm_conv_fast_opt_q15.c.obj
LOAD CMakeFiles/stm32.elf.dir/Drivers/CMSIS/DSP/Source/FilteringFunctions/arm_conv_fast_q15.c.obj
LOAD CMakeFiles/stm32.elf.dir/Drivers/CMSIS/DSP/Source/FilteringFunctions/arm_conv_fast_q31.c.obj
LOAD CMakeFiles/stm32.elf.dir/Drivers/CMSIS/DSP/Source/FilteringFunctions/arm_conv_opt_q15.c.obj
LOAD CMakeFiles/stm32.elf.dir/Drivers/CMSIS/DSP/Source/FilteringFunctions/arm_conv_opt_q7.c.obj
LOAD CMakeFiles/stm32.elf.dir/Drivers/CMSIS/DSP/Source/FilteringFunctions/arm_conv_partial_f32.c.obj
LOAD CMakeFiles/stm32.elf.dir/Drivers/CMSIS/DSP/Source/FilteringFunctions/arm_conv_partial_fast_opt_q15.c.obj
LOAD CMakeFiles/stm32.elf.dir/Drivers/CMSIS/DSP/Source/FilteringFunctions/arm_conv_partial_fast_q15.c.obj
LOAD CMakeFiles/stm32.elf.dir/Drivers/CMSIS/DSP/Source/FilteringFunctions/arm_conv_partial_fast_q31.c.obj
LOAD CMakeFiles/stm32.elf.dir/Drivers/CMSIS/DSP/Source/FilteringFunctions/arm_conv_partial_opt_q15.c.obj
LOAD CMakeFiles/stm32.elf.dir/Drivers/CMSIS/DSP/Source/FilteringFunctions/arm_conv_partial_opt_q7.c.obj
LOAD CMakeFiles/stm32.elf.dir/Drivers/CMSIS/DSP/Source/FilteringFunctions/arm_conv_partial_q15.c.obj
LOAD CMakeFiles/stm32.elf.dir/Drivers/CMSIS/DSP/Source/FilteringFunctions/arm_conv_partial_q31.c.obj
LOAD CMakeFiles/stm32.elf.dir/Drivers/CMSIS/DSP/Source/FilteringFunctions/arm_conv_partial_q7.c.obj
LOAD CMakeFiles/stm32.elf.dir/Drivers/CMSIS/DSP/Source/FilteringFunctions/arm_conv_q15.c.obj
LOAD CMakeFiles/stm32.elf.dir/Drivers/CMSIS/DSP/Source/FilteringFunctions/arm_conv_q31.c.obj
LOAD CMakeFiles/stm32.elf.dir/Drivers/CMSIS/DSP/Source/FilteringFunctions/arm_conv_q7.c.obj
LOAD CMakeFiles/stm32.elf.dir/Drivers/CMSIS/DSP/Source/FilteringFunctions/arm_correlate_f16.c.obj
LOAD CMakeFiles/stm32.elf.dir/Drivers/CMSIS/DSP/Source/FilteringFunctions/arm_correlate_f32.c.obj
LOAD CMakeFiles/stm32.elf.dir/Drivers/CMSIS/DSP/Source/FilteringFunctions/arm_correlate_f64.c.obj
LOAD CMakeFiles/stm32.elf.dir/Drivers/CMSIS/DSP/Source/FilteringFunctions/arm_correlate_fast_opt_q15.c.obj
LOAD CMakeFiles/stm32.elf.dir/Drivers/CMSIS/DSP/Source/FilteringFunctions/arm_correlate_fast_q15.c.obj
LOAD CMakeFiles/stm32.elf.dir/Drivers/CMSIS/DSP/Source/FilteringFunctions/arm_correlate_fast_q31.c.obj
LOAD CMakeFiles/stm32.elf.dir/Drivers/CMSIS/DSP/Source/FilteringFunctions/arm_correlate_opt_q15.c.obj
LOAD CMakeFiles/stm32.elf.dir/Drivers/CMSIS/DSP/Source/FilteringFunctions/arm_correlate_opt_q7.c.obj
LOAD CMakeFiles/stm32.elf.dir/Drivers/CMSIS/DSP/Source/FilteringFunctions/arm_correlate_q15.c.obj
LOAD CMakeFiles/stm32.elf.dir/Drivers/CMSIS/DSP/Source/FilteringFunctions/arm_correlate_q31.c.obj
LOAD CMakeFiles/stm32.elf.dir/Drivers/CMSIS/DSP/Source/FilteringFunctions/arm_correlate_q7.c.obj
LOAD CMakeFiles/stm32.elf.dir/Drivers/CMSIS/DSP/Source/FilteringFunctions/arm_fir_decimate_f32.c.obj
LOAD CMakeFiles/stm32.elf.dir/Drivers/CMSIS/DSP/Source/FilteringFunctions/arm_fir_decimate_fast_q15.c.obj
LOAD CMakeFiles/stm32.elf.dir/Drivers/CMSIS/DSP/Source/FilteringFunctions/arm_fir_decimate_fast_q31.c.obj
LOAD CMakeFiles/stm32.elf.dir/Drivers/CMSIS/DSP/Source/FilteringFunctions/arm_fir_decimate_init_f32.c.obj
LOAD CMakeFiles/stm32.elf.dir/Drivers/CMSIS/DSP/Source/FilteringFunctions/arm_fir_decimate_init_q15.c.obj
LOAD CMakeFiles/stm32.elf.dir/Drivers/CMSIS/DSP/Source/FilteringFunctions/arm_fir_decimate_init_q31.c.obj
LOAD CMakeFiles/stm32.elf.dir/Drivers/CMSIS/DSP/Source/FilteringFunctions/arm_fir_decimate_q15.c.obj
LOAD CMakeFiles/stm32.elf.dir/Drivers/CMSIS/DSP/Source/FilteringFunctions/arm_fir_decimate_q31.c.obj
LOAD CMakeFiles/stm32.elf.dir/Drivers/CMSIS/DSP/Source/FilteringFunctions/arm_fir_f16.c.obj
LOAD CMakeFiles/stm32.elf.dir/Drivers/CMSIS/DSP/Source/FilteringFunctions/arm_fir_f32.c.obj
LOAD CMakeFiles/stm32.elf.dir/Drivers/CMSIS/DSP/Source/FilteringFunctions/arm_fir_f64.c.obj
LOAD CMakeFiles/stm32.elf.dir/Drivers/CMSIS/DSP/Source/FilteringFunctions/arm_fir_fast_q15.c.obj
LOAD CMakeFiles/stm32.elf.dir/Drivers/CMSIS/DSP/Source/FilteringFunctions/arm_fir_fast_q31.c.obj
LOAD CMakeFiles/stm32.elf.dir/Drivers/CMSIS/DSP/Source/FilteringFunctions/arm_fir_init_f16.c.obj
LOAD CMakeFiles/stm32.elf.dir/Drivers/CMSIS/DSP/Source/FilteringFunctions/arm_fir_init_f32.c.obj
LOAD CMakeFiles/stm32.elf.dir/Drivers/CMSIS/DSP/Source/FilteringFunctions/arm_fir_init_f64.c.obj
LOAD CMakeFiles/stm32.elf.dir/Drivers/CMSIS/DSP/Source/FilteringFunctions/arm_fir_init_q15.c.obj
LOAD CMakeFiles/stm32.elf.dir/Drivers/CMSIS/DSP/Source/FilteringFunctions/arm_fir_init_q31.c.obj
LOAD CMakeFiles/stm32.elf.dir/Drivers/CMSIS/DSP/Source/FilteringFunctions/arm_fir_init_q7.c.obj
LOAD CMakeFiles/stm32.elf.dir/Drivers/CMSIS/DSP/Source/FilteringFunctions/arm_fir_interpolate_f32.c.obj
LOAD CMakeFiles/stm32.elf.dir/Drivers/CMSIS/DSP/Source/FilteringFunctions/arm_fir_interpolate_init_f32.c.obj
LOAD CMakeFiles/stm32.elf.dir/Drivers/CMSIS/DSP/Source/FilteringFunctions/arm_fir_interpolate_init_q15.c.obj
LOAD CMakeFiles/stm32.elf.dir/Drivers/CMSIS/DSP/Source/FilteringFunctions/arm_fir_interpolate_init_q31.c.obj
LOAD CMakeFiles/stm32.elf.dir/Drivers/CMSIS/DSP/Source/FilteringFunctions/arm_fir_interpolate_q15.c.obj
LOAD CMakeFiles/stm32.elf.dir/Drivers/CMSIS/DSP/Source/FilteringFunctions/arm_fir_interpolate_q31.c.obj
LOAD CMakeFiles/stm32.elf.dir/Drivers/CMSIS/DSP/Source/FilteringFunctions/arm_fir_lattice_f32.c.obj
LOAD CMakeFiles/stm32.elf.dir/Drivers/CMSIS/DSP/Source/FilteringFunctions/arm_fir_lattice_init_f32.c.obj
LOAD CMakeFiles/stm32.elf.dir/Drivers/CMSIS/DSP/Source/FilteringFunctions/arm_fir_lattice_init_q15.c.obj
LOAD CMakeFiles/stm32.elf.dir/Drivers/CMSIS/DSP/Source/FilteringFunctions/arm_fir_lattice_init_q31.c.obj
LOAD CMakeFiles/stm32.elf.dir/Drivers/CMSIS/DSP/Source/FilteringFunctions/arm_fir_lattice_q15.c.obj
LOAD CMakeFiles/stm32.elf.dir/Drivers/CMSIS/DSP/Source/FilteringFunctions/arm_fir_lattice_q31.c.obj
LOAD CMakeFiles/stm32.elf.dir/Drivers/CMSIS/DSP/Source/FilteringFunctions/arm_fir_q15.c.obj
LOAD CMakeFiles/stm32.elf.dir/Drivers/CMSIS/DSP/Source/FilteringFunctions/arm_fir_q31.c.obj
LOAD CMakeFiles/stm32.elf.dir/Drivers/CMSIS/DSP/Source/FilteringFunctions/arm_fir_q7.c.obj
LOAD CMakeFiles/stm32.elf.dir/Drivers/CMSIS/DSP/Source/FilteringFunctions/arm_fir_sparse_f32.c.obj
LOAD CMakeFiles/stm32.elf.dir/Drivers/CMSIS/DSP/Source/FilteringFunctions/arm_fir_sparse_init_f32.c.obj
LOAD CMakeFiles/stm32.elf.dir/Drivers/CMSIS/DSP/Source/FilteringFunctions/arm_fir_sparse_init_q15.c.obj
LOAD CMakeFiles/stm32.elf.dir/Drivers/CMSIS/DSP/Source/FilteringFunctions/arm_fir_sparse_init_q31.c.obj
LOAD CMakeFiles/stm32.elf.dir/Drivers/CMSIS/DSP/Source/FilteringFunctions/arm_fir_sparse_init_q7.c.obj
LOAD CMakeFiles/stm32.elf.dir/Drivers/CMSIS/DSP/Source/FilteringFunctions/arm_fir_sparse_q15.c.obj
LOAD CMakeFiles/stm32.elf.dir/Drivers/CMSIS/DSP/Source/FilteringFunctions/arm_fir_sparse_q31.c.obj
LOAD CMakeFiles/stm32.elf.dir/Drivers/CMSIS/DSP/Source/FilteringFunctions/arm_fir_sparse_q7.c.obj
LOAD CMakeFiles/stm32.elf.dir/Drivers/CMSIS/DSP/Source/FilteringFunctions/arm_iir_lattice_f32.c.obj
LOAD CMakeFiles/stm32.elf.dir/Drivers/CMSIS/DSP/Source/FilteringFunctions/arm_iir_lattice_init_f32.c.obj
LOAD CMakeFiles/stm32.elf.dir/Drivers/CMSIS/DSP/Source/FilteringFunctions/arm_iir_lattice_init_q15.c.obj
LOAD CMakeFiles/stm32.elf.dir/Drivers/CMSIS/DSP/Source/FilteringFunctions/arm_iir_lattice_init_q31.c.obj
LOAD CMakeFiles/stm32.elf.dir/Drivers/CMSIS/DSP/Source/FilteringFunctions/arm_iir_lattice_q15.c.obj
LOAD CMakeFiles/stm32.elf.dir/Drivers/CMSIS/DSP/Source/FilteringFunctions/arm_iir_lattice_q31.c.obj
LOAD CMakeFiles/stm32.elf.dir/Drivers/CMSIS/DSP/Source/FilteringFunctions/arm_levinson_durbin_f16.c.obj
LOAD CMakeFiles/stm32.elf.dir/Drivers/CMSIS/DSP/Source/FilteringFunctions/arm_levinson_durbin_f32.c.obj
LOAD CMakeFiles/stm32.elf.dir/Drivers/CMSIS/DSP/Source/FilteringFunctions/arm_levinson_durbin_q31.c.obj
LOAD CMakeFiles/stm32.elf.dir/Drivers/CMSIS/DSP/Source/FilteringFunctions/arm_lms_f32.c.obj
LOAD CMakeFiles/stm32.elf.dir/Drivers/CMSIS/DSP/Source/FilteringFunctions/arm_lms_init_f32.c.obj
LOAD CMakeFiles/stm32.elf.dir/Drivers/CMSIS/DSP/Source/FilteringFunctions/arm_lms_init_q15.c.obj
LOAD CMakeFiles/stm32.elf.dir/Drivers/CMSIS/DSP/Source/FilteringFunctions/arm_lms_init_q31.c.obj
LOAD CMakeFiles/stm32.elf.dir/Drivers/CMSIS/DSP/Source/FilteringFunctions/arm_lms_norm_f32.c.obj
LOAD CMakeFiles/stm32.elf.dir/Drivers/CMSIS/DSP/Source/FilteringFunctions/arm_lms_norm_init_f32.c.obj
LOAD CMakeFiles/stm32.elf.dir/Drivers/CMSIS/DSP/Source/FilteringFunctions/arm_lms_norm_init_q15.c.obj
LOAD CMakeFiles/stm32.elf.dir/Drivers/CMSIS/DSP/Source/FilteringFunctions/arm_lms_norm_init_q31.c.obj
LOAD CMakeFiles/stm32.elf.dir/Drivers/CMSIS/DSP/Source/FilteringFunctions/arm_lms_norm_q15.c.obj
LOAD CMakeFiles/stm32.elf.dir/Drivers/CMSIS/DSP/Source/FilteringFunctions/arm_lms_norm_q31.c.obj
LOAD CMakeFiles/stm32.elf.dir/Drivers/CMSIS/DSP/Source/FilteringFunctions/arm_lms_q15.c.obj
LOAD CMakeFiles/stm32.elf.dir/Drivers/CMSIS/DSP/Source/FilteringFunctions/arm_lms_q31.c.obj
LOAD CMakeFiles/stm32.elf.dir/Drivers/STM32F4xx_HAL_Driver/Src/stm32f4xx_hal.c.obj
LOAD CMakeFiles/stm32.elf.dir/Drivers/STM32F4xx_HAL_Driver/Src/stm32f4xx_hal_cortex.c.obj
LOAD CMakeFiles/stm32.elf.dir/Drivers/STM32F4xx_HAL_Driver/Src/stm32f4xx_hal_dma.c.obj
LOAD CMakeFiles/stm32.elf.dir/Drivers/STM32F4xx_HAL_Driver/Src/stm32f4xx_hal_dma_ex.c.obj
LOAD CMakeFiles/stm32.elf.dir/Drivers/STM32F4xx_HAL_Driver/Src/stm32f4xx_hal_exti.c.obj
LOAD CMakeFiles/stm32.elf.dir/Drivers/STM32F4xx_HAL_Driver/Src/stm32f4xx_hal_flash.c.obj
LOAD CMakeFiles/stm32.elf.dir/Drivers/STM32F4xx_HAL_Driver/Src/stm32f4xx_hal_flash_ex.c.obj
LOAD CMakeFiles/stm32.elf.dir/Drivers/STM32F4xx_HAL_Driver/Src/stm32f4xx_hal_flash_ramfunc.c.obj
LOAD CMakeFiles/stm32.elf.dir/Drivers/STM32F4xx_HAL_Driver/Src/stm32f4xx_hal_gpio.c.obj
LOAD CMakeFiles/stm32.elf.dir/Drivers/STM32F4xx_HAL_Driver/Src/stm32f4xx_hal_i2c.c.obj
LOAD CMakeFiles/stm32.elf.dir/Drivers/STM32F4xx_HAL_Driver/Src/stm32f4xx_hal_i2c_ex.c.obj
LOAD CMakeFiles/stm32.elf.dir/Drivers/STM32F4xx_HAL_Driver/Src/stm32f4xx_hal_pcd.c.obj
LOAD CMakeFiles/stm32.elf.dir/Drivers/STM32F4xx_HAL_Driver/Src/stm32f4xx_hal_pcd_ex.c.obj
LOAD CMakeFiles/stm32.elf.dir/Drivers/STM32F4xx_HAL_Driver/Src/stm32f4xx_hal_pwr.c.obj
LOAD CMakeFiles/stm32.elf.dir/Drivers/STM32F4xx_HAL_Driver/Src/stm32f4xx_hal_pwr_ex.c.obj
LOAD CMakeFiles/stm32.elf.dir/Drivers/STM32F4xx_HAL_Driver/Src/stm32f4xx_hal_rcc.c.obj
LOAD CMakeFiles/stm32.elf.dir/Drivers/STM32F4xx_HAL_Driver/Src/stm32f4xx_hal_rcc_ex.c.obj
LOAD CMakeFiles/stm32.elf.dir/Drivers/STM32F4xx_HAL_Driver/Src/stm32f4xx_hal_tim.c.obj
LOAD CMakeFiles/stm32.elf.dir/Drivers/STM32F4xx_HAL_Driver/Src/stm32f4xx_hal_tim_ex.c.obj
LOAD CMakeFiles/stm32.elf.dir/Drivers/STM32F4xx_HAL_Driver/Src/stm32f4xx_ll_usb.c.obj
LOAD CMakeFiles/stm32.elf.dir/Middlewares/ST/STM32_USB_Device_Library/Class/CDC/Src/usbd_cdc.c.obj
LOAD CMakeFiles/stm32.elf.dir/Middlewares/ST/STM32_USB_Device_Library/Core/Src/usbd_core.c.obj
LOAD CMakeFiles/stm32.elf.dir/Middlewares/ST/STM32_USB_Device_Library/Core/Src/usbd_ctlreq.c.obj
LOAD CMakeFiles/stm32.elf.dir/Middlewares/ST/STM32_USB_Device_Library/Core/Src/usbd_ioreq.c.obj
LOAD CMakeFiles/stm32.elf.dir/USB_DEVICE/App/usb_device.c.obj
LOAD CMakeFiles/stm32.elf.dir/USB_DEVICE/App/usbd_cdc_if.c.obj
LOAD CMakeFiles/stm32.elf.dir/USB_DEVICE/App/usbd_desc.c.obj
LOAD CMakeFiles/stm32.elf.dir/USB_DEVICE/Target/usbd_conf.c.obj
START GROUP
LOAD C:/PROGRA~2/ARMGNU~1/133167~1.3RE/bin/../lib/gcc/arm-none-eabi/13.3.1/thumb/v7e-m/nofp\libgcc.a
LOAD C:/PROGRA~2/ARMGNU~1/133167~1.3RE/bin/../lib/gcc/arm-none-eabi/13.3.1/thumb/v7e-m/nofp\libg.a
LOAD C:/PROGRA~2/ARMGNU~1/133167~1.3RE/bin/../lib/gcc/arm-none-eabi/13.3.1/thumb/v7e-m/nofp\libc.a
END GROUP
LOAD C:/PROGRA~2/ARMGNU~1/133167~1.3RE/bin/../lib/gcc/arm-none-eabi/13.3.1/thumb/v7e-m/nofp/crtend.o
LOAD C:/PROGRA~2/ARMGNU~1/133167~1.3RE/bin/../lib/gcc/arm-none-eabi/13.3.1/thumb/v7e-m/nofp/crtn.o
                0x20010000                        _estack = (ORIGIN (RAM) + LENGTH (RAM))
                0x00000600                        _Min_Heap_Size = 0x600
                0x00000400                        _Min_Stack_Size = 0x400

.isr_vector     0x08000000      0x194
                0x08000000                        . = ALIGN (0x4)
 *(.isr_vector)
 .isr_vector    0x08000000      0x194 CMakeFiles/stm32.elf.dir/Core/Startup/startup_stm32f401ccux.s.obj
                0x08000000                g_pfnVectors
                0x08000194                        . = ALIGN (0x4)

.text           0x080001c0     0xd6e8
                0x080001c0                        . = ALIGN (0x4)
 *(.text)
 .text          0x080001c0      0x378 C:/PROGRA~2/ARMGNU~1/133167~1.3RE/bin/../lib/gcc/arm-none-eabi/13.3.1/thumb/v7e-m/nofp\libgcc.a(_arm_addsubdf3.o)
                0x080001c0                __aeabi_drsub
                0x080001c8                __aeabi_dsub
                0x080001c8                __subdf3
                0x080001cc                __aeabi_dadd
                0x080001cc                __adddf3
                0x08000444                __floatunsidf
                0x08000444                __aeabi_ui2d
                0x08000464                __floatsidf
                0x08000464                __aeabi_i2d
                0x08000488                __aeabi_f2d
                0x08000488                __extendsfdf2
                0x080004cc                __floatundidf
                0x080004cc                __aeabi_ul2d
                0x080004dc                __floatdidf
                0x080004dc                __aeabi_l2d
 .text          0x08000538      0x424 C:/PROGRA~2/ARMGNU~1/133167~1.3RE/bin/../lib/gcc/arm-none-eabi/13.3.1/thumb/v7e-m/nofp\libgcc.a(_arm_muldivdf3.o)
                0x08000538                __aeabi_dmul
                0x08000538                __muldf3
                0x0800078c                __divdf3
                0x0800078c                __aeabi_ddiv
 .text          0x0800095c       0xa0 C:/PROGRA~2/ARMGNU~1/133167~1.3RE/bin/../lib/gcc/arm-none-eabi/13.3.1/thumb/v7e-m/nofp\libgcc.a(_arm_truncdfsf2.o)
                0x0800095c                __truncdfsf2
                0x0800095c                __aeabi_d2f
 .text          0x080009fc      0x21c C:/PROGRA~2/ARMGNU~1/133167~1.3RE/bin/../lib/gcc/arm-none-eabi/13.3.1/thumb/v7e-m/nofp\libgcc.a(_arm_addsubsf3.o)
                0x080009fc                __aeabi_frsub
                0x08000a04                __subsf3
                0x08000a04                __aeabi_fsub
                0x08000a08                __aeabi_fadd
                0x08000a08                __addsf3
                0x08000b68                __aeabi_ui2f
                0x08000b68                __floatunsisf
                0x08000b70                __aeabi_i2f
                0x08000b70                __floatsisf
                0x08000b8c                __aeabi_ul2f
                0x08000b8c                __floatundisf
                0x08000b9c                __aeabi_l2f
                0x08000b9c                __floatdisf
 .text          0x08000c18      0x2a0 C:/PROGRA~2/ARMGNU~1/133167~1.3RE/bin/../lib/gcc/arm-none-eabi/13.3.1/thumb/v7e-m/nofp\libgcc.a(_arm_muldivsf3.o)
                0x08000c18                __mulsf3
                0x08000c18                __aeabi_fmul
                0x08000d80                __aeabi_fdiv
                0x08000d80                __divsf3
 .text          0x08000eb8       0x30 C:/PROGRA~2/ARMGNU~1/133167~1.3RE/bin/../lib/gcc/arm-none-eabi/13.3.1/thumb/v7e-m/nofp\libgcc.a(_aeabi_uldivmod.o)
                0x08000eb8                __aeabi_uldivmod
 .text          0x08000ee8        0x4 C:/PROGRA~2/ARMGNU~1/133167~1.3RE/bin/../lib/gcc/arm-none-eabi/13.3.1/thumb/v7e-m/nofp\libgcc.a(_dvmd_tls.o)
                0x08000ee8                __aeabi_idiv0
                0x08000ee8                __aeabi_ldiv0
 *fill*         0x08000eec        0x4 
 .text          0x08000ef0       0xa0 C:/PROGRA~2/ARMGNU~1/133167~1.3RE/bin/../lib/gcc/arm-none-eabi/13.3.1/thumb/v7e-m/nofp\libg.a(libc_a-memchr.o)
                0x08000ef0                memchr
 *fill*         0x08000f90       0x30 
 .text          0x08000fc0       0xd8 C:/PROGRA~2/ARMGNU~1/133167~1.3RE/bin/../lib/gcc/arm-none-eabi/13.3.1/thumb/v7e-m/nofp\libg.a(libc_a-strlen.o)
                0x08000fc0                strlen
 .text          0x08001098      0x134 C:/PROGRA~2/ARMGNU~1/133167~1.3RE/bin/../lib/gcc/arm-none-eabi/13.3.1/thumb/v7e-m/nofp\libg.a(libc_a-memcpy.o)
                0x08001098                memcpy
 .text          0x080011cc      0x110 C:/PROGRA~2/ARMGNU~1/133167~1.3RE/bin/../lib/gcc/arm-none-eabi/13.3.1/thumb/v7e-m/nofp\libgcc.a(_arm_cmpdf2.o)
                0x080011cc                __gtdf2
                0x080011cc                __gedf2
                0x080011d4                __ltdf2
                0x080011d4                __ledf2
                0x080011dc                __nedf2
                0x080011dc                __eqdf2
                0x080011dc                __cmpdf2
                0x08001258                __aeabi_cdrcmple
                0x08001268                __aeabi_cdcmpeq
                0x08001268                __aeabi_cdcmple
                0x08001278                __aeabi_dcmpeq
                0x0800128c                __aeabi_dcmplt
                0x080012a0                __aeabi_dcmple
                0x080012b4                __aeabi_dcmpge
                0x080012c8                __aeabi_dcmpgt
 .text          0x080012dc       0x2c C:/PROGRA~2/ARMGNU~1/133167~1.3RE/bin/../lib/gcc/arm-none-eabi/13.3.1/thumb/v7e-m/nofp\libgcc.a(_arm_unorddf2.o)
                0x080012dc                __unorddf2
                0x080012dc                __aeabi_dcmpun
 .text          0x08001308       0x50 C:/PROGRA~2/ARMGNU~1/133167~1.3RE/bin/../lib/gcc/arm-none-eabi/13.3.1/thumb/v7e-m/nofp\libgcc.a(_arm_fixdfsi.o)
                0x08001308                __aeabi_d2iz
                0x08001308                __fixdfsi
 *(.text*)
 .text.deregister_tm_clones
                0x08001358       0x1c C:/PROGRA~2/ARMGNU~1/133167~1.3RE/bin/../lib/gcc/arm-none-eabi/13.3.1/thumb/v7e-m/nofp/crtbegin.o
 .text.register_tm_clones
                0x08001374       0x24 C:/PROGRA~2/ARMGNU~1/133167~1.3RE/bin/../lib/gcc/arm-none-eabi/13.3.1/thumb/v7e-m/nofp/crtbegin.o
 .text.__do_global_dtors_aux
                0x08001398       0x28 C:/PROGRA~2/ARMGNU~1/133167~1.3RE/bin/../lib/gcc/arm-none-eabi/13.3.1/thumb/v7e-m/nofp/crtbegin.o
 .text.frame_dummy
                0x080013c0       0x24 C:/PROGRA~2/ARMGNU~1/133167~1.3RE/bin/../lib/gcc/arm-none-eabi/13.3.1/thumb/v7e-m/nofp/crtbegin.o
 .text.MPU_StartUp
                0x080013e4       0x48 CMakeFiles/stm32.elf.dir/Core/Src/MPU9250.c.obj
                0x080013e4                MPU_StartUp
 .text.MPU_Init
                0x0800142c       0x9c CMakeFiles/stm32.elf.dir/Core/Src/MPU9250.c.obj
                0x0800142c                MPU_Init
 .text.MPU_ReadAll
                0x080014c8      0x234 CMakeFiles/stm32.elf.dir/Core/Src/MPU9250.c.obj
                0x080014c8                MPU_ReadAll
 .text.MX_GPIO_Init
                0x080016fc       0x94 CMakeFiles/stm32.elf.dir/Core/Src/main.c.obj
 .text.Error_Handler
                0x08001790        0x4 CMakeFiles/stm32.elf.dir/Core/Src/main.c.obj
                0x08001790                Error_Handler
 .text.MX_I2C1_Init
                0x08001794       0x38 CMakeFiles/stm32.elf.dir/Core/Src/main.c.obj
 .text.MX_TIM3_Init
                0x080017cc       0x68 CMakeFiles/stm32.elf.dir/Core/Src/main.c.obj
 .text.SystemClock_Config
                0x08001834       0xa8 CMakeFiles/stm32.elf.dir/Core/Src/main.c.obj
                0x08001834                SystemClock_Config
 .text.main     0x080018dc       0xd0 CMakeFiles/stm32.elf.dir/Core/Src/main.c.obj
                0x080018dc                main
 .text.HAL_MspInit
                0x080019ac       0x38 CMakeFiles/stm32.elf.dir/Core/Src/stm32f4xx_hal_msp.c.obj
                0x080019ac                HAL_MspInit
 .text.HAL_I2C_MspInit
                0x080019e4       0x94 CMakeFiles/stm32.elf.dir/Core/Src/stm32f4xx_hal_msp.c.obj
                0x080019e4                HAL_I2C_MspInit
 .text.HAL_TIM_Base_MspInit
                0x08001a78       0x40 CMakeFiles/stm32.elf.dir/Core/Src/stm32f4xx_hal_msp.c.obj
                0x08001a78                HAL_TIM_Base_MspInit
 .text.NMI_Handler
                0x08001ab8        0x2 CMakeFiles/stm32.elf.dir/Core/Src/stm32f4xx_it.c.obj
                0x08001ab8                NMI_Handler
 .text.HardFault_Handler
                0x08001aba        0x2 CMakeFiles/stm32.elf.dir/Core/Src/stm32f4xx_it.c.obj
                0x08001aba                HardFault_Handler
 .text.MemManage_Handler
                0x08001abc        0x2 CMakeFiles/stm32.elf.dir/Core/Src/stm32f4xx_it.c.obj
                0x08001abc                MemManage_Handler
 .text.BusFault_Handler
                0x08001abe        0x2 CMakeFiles/stm32.elf.dir/Core/Src/stm32f4xx_it.c.obj
                0x08001abe                BusFault_Handler
 .text.UsageFault_Handler
                0x08001ac0        0x2 CMakeFiles/stm32.elf.dir/Core/Src/stm32f4xx_it.c.obj
                0x08001ac0                UsageFault_Handler
 .text.SVC_Handler
                0x08001ac2        0x2 CMakeFiles/stm32.elf.dir/Core/Src/stm32f4xx_it.c.obj
                0x08001ac2                SVC_Handler
 .text.DebugMon_Handler
                0x08001ac4        0x2 CMakeFiles/stm32.elf.dir/Core/Src/stm32f4xx_it.c.obj
                0x08001ac4                DebugMon_Handler
 .text.PendSV_Handler
                0x08001ac6        0x2 CMakeFiles/stm32.elf.dir/Core/Src/stm32f4xx_it.c.obj
                0x08001ac6                PendSV_Handler
 .text.SysTick_Handler
                0x08001ac8        0x8 CMakeFiles/stm32.elf.dir/Core/Src/stm32f4xx_it.c.obj
                0x08001ac8                SysTick_Handler
 .text.TIM3_IRQHandler
                0x08001ad0      0x198 CMakeFiles/stm32.elf.dir/Core/Src/stm32f4xx_it.c.obj
                0x08001ad0                TIM3_IRQHandler
 .text.I2C1_EV_IRQHandler
                0x08001c68       0x10 CMakeFiles/stm32.elf.dir/Core/Src/stm32f4xx_it.c.obj
                0x08001c68                I2C1_EV_IRQHandler
 .text.I2C1_ER_IRQHandler
                0x08001c78       0x10 CMakeFiles/stm32.elf.dir/Core/Src/stm32f4xx_it.c.obj
                0x08001c78                I2C1_ER_IRQHandler
 .text.OTG_FS_IRQHandler
                0x08001c88       0x10 CMakeFiles/stm32.elf.dir/Core/Src/stm32f4xx_it.c.obj
                0x08001c88                OTG_FS_IRQHandler
 .text._getpid  0x08001c98        0x4 CMakeFiles/stm32.elf.dir/Core/Src/syscalls.c.obj
                0x08001c98                _getpid
 .text._kill    0x08001c9c       0x10 CMakeFiles/stm32.elf.dir/Core/Src/syscalls.c.obj
                0x08001c9c                _kill
 .text._exit    0x08001cac        0xc CMakeFiles/stm32.elf.dir/Core/Src/syscalls.c.obj
                0x08001cac                _exit
 .text._read    0x08001cb8       0x20 CMakeFiles/stm32.elf.dir/Core/Src/syscalls.c.obj
                0x08001cb8                _read
 .text._write   0x08001cd8       0x1c CMakeFiles/stm32.elf.dir/Core/Src/syscalls.c.obj
                0x08001cd8                _write
 .text._close   0x08001cf4        0x6 CMakeFiles/stm32.elf.dir/Core/Src/syscalls.c.obj
                0x08001cf4                _close
 .text._fstat   0x08001cfa        0xa CMakeFiles/stm32.elf.dir/Core/Src/syscalls.c.obj
                0x08001cfa                _fstat
 .text._isatty  0x08001d04        0x4 CMakeFiles/stm32.elf.dir/Core/Src/syscalls.c.obj
                0x08001d04                _isatty
 .text._lseek   0x08001d08        0x4 CMakeFiles/stm32.elf.dir/Core/Src/syscalls.c.obj
                0x08001d08                _lseek
 .text._sbrk    0x08001d0c       0x48 CMakeFiles/stm32.elf.dir/Core/Src/sysmem.c.obj
                0x08001d0c                _sbrk
 .text.SystemInit
                0x08001d54        0x2 CMakeFiles/stm32.elf.dir/Core/Src/system_stm32f4xx.c.obj
                0x08001d54                SystemInit
 *fill*         0x08001d56        0x2 
 .text.Reset_Handler
                0x08001d58       0x50 CMakeFiles/stm32.elf.dir/Core/Startup/startup_stm32f401ccux.s.obj
                0x08001d58                Reset_Handler
 .text.Default_Handler
                0x08001da8        0x2 CMakeFiles/stm32.elf.dir/Core/Startup/startup_stm32f401ccux.s.obj
                0x08001da8                RTC_Alarm_IRQHandler
                0x08001da8                EXTI2_IRQHandler
                0x08001da8                SPI4_IRQHandler
                0x08001da8                TIM1_CC_IRQHandler
                0x08001da8                DMA2_Stream5_IRQHandler
                0x08001da8                DMA1_Stream5_IRQHandler
                0x08001da8                PVD_IRQHandler
                0x08001da8                SDIO_IRQHandler
                0x08001da8                TAMP_STAMP_IRQHandler
                0x08001da8                EXTI3_IRQHandler
                0x08001da8                TIM1_UP_TIM10_IRQHandler
                0x08001da8                I2C3_ER_IRQHandler
                0x08001da8                EXTI0_IRQHandler
                0x08001da8                I2C2_EV_IRQHandler
                0x08001da8                DMA1_Stream2_IRQHandler
                0x08001da8                FPU_IRQHandler
                0x08001da8                DMA2_Stream2_IRQHandler
                0x08001da8                SPI1_IRQHandler
                0x08001da8                TIM1_BRK_TIM9_IRQHandler
                0x08001da8                DMA2_Stream3_IRQHandler
                0x08001da8                USART6_IRQHandler
                0x08001da8                DMA2_Stream0_IRQHandler
                0x08001da8                TIM4_IRQHandler
                0x08001da8                DMA1_Stream6_IRQHandler
                0x08001da8                DMA1_Stream1_IRQHandler
                0x08001da8                RCC_IRQHandler
                0x08001da8                Default_Handler
                0x08001da8                EXTI15_10_IRQHandler
                0x08001da8                ADC_IRQHandler
                0x08001da8                DMA1_Stream7_IRQHandler
                0x08001da8                TIM5_IRQHandler
                0x08001da8                DMA2_Stream7_IRQHandler
                0x08001da8                I2C3_EV_IRQHandler
                0x08001da8                EXTI9_5_IRQHandler
                0x08001da8                RTC_WKUP_IRQHandler
                0x08001da8                SPI2_IRQHandler
                0x08001da8                DMA1_Stream0_IRQHandler
                0x08001da8                EXTI4_IRQHandler
                0x08001da8                WWDG_IRQHandler
                0x08001da8                TIM2_IRQHandler
                0x08001da8                OTG_FS_WKUP_IRQHandler
                0x08001da8                TIM1_TRG_COM_TIM11_IRQHandler
                0x08001da8                EXTI1_IRQHandler
                0x08001da8                USART2_IRQHandler
                0x08001da8                I2C2_ER_IRQHandler
                0x08001da8                DMA2_Stream1_IRQHandler
                0x08001da8                FLASH_IRQHandler
                0x08001da8                DMA2_Stream4_IRQHandler
                0x08001da8                USART1_IRQHandler
                0x08001da8                SPI3_IRQHandler
                0x08001da8                DMA1_Stream4_IRQHandler
                0x08001da8                DMA2_Stream6_IRQHandler
                0x08001da8                DMA1_Stream3_IRQHandler
 .text.arm_fir_f32
                0x08001daa       0x92 CMakeFiles/stm32.elf.dir/Drivers/CMSIS/DSP/Source/FilteringFunctions/arm_fir_f32.c.obj
                0x08001daa                arm_fir_f32
 .text.arm_fir_init_f32
                0x08001e3c       0x1e CMakeFiles/stm32.elf.dir/Drivers/CMSIS/DSP/Source/FilteringFunctions/arm_fir_init_f32.c.obj
                0x08001e3c                arm_fir_init_f32
 *fill*         0x08001e5a        0x2 
 .text.HAL_InitTick
                0x08001e5c       0x4c CMakeFiles/stm32.elf.dir/Drivers/STM32F4xx_HAL_Driver/Src/stm32f4xx_hal.c.obj
                0x08001e5c                HAL_InitTick
 .text.HAL_Init
                0x08001ea8       0x34 CMakeFiles/stm32.elf.dir/Drivers/STM32F4xx_HAL_Driver/Src/stm32f4xx_hal.c.obj
                0x08001ea8                HAL_Init
 .text.HAL_IncTick
                0x08001edc       0x18 CMakeFiles/stm32.elf.dir/Drivers/STM32F4xx_HAL_Driver/Src/stm32f4xx_hal.c.obj
                0x08001edc                HAL_IncTick
 .text.HAL_GetTick
                0x08001ef4        0xc CMakeFiles/stm32.elf.dir/Drivers/STM32F4xx_HAL_Driver/Src/stm32f4xx_hal.c.obj
                0x08001ef4                HAL_GetTick
 .text.HAL_Delay
                0x08001f00       0x28 CMakeFiles/stm32.elf.dir/Drivers/STM32F4xx_HAL_Driver/Src/stm32f4xx_hal.c.obj
                0x08001f00                HAL_Delay
 .text.__NVIC_EnableIRQ
                0x08001f28       0x1c CMakeFiles/stm32.elf.dir/Drivers/STM32F4xx_HAL_Driver/Src/stm32f4xx_hal_cortex.c.obj
 .text.__NVIC_SetPriority
                0x08001f44       0x28 CMakeFiles/stm32.elf.dir/Drivers/STM32F4xx_HAL_Driver/Src/stm32f4xx_hal_cortex.c.obj
 .text.NVIC_EncodePriority
                0x08001f6c       0x3e CMakeFiles/stm32.elf.dir/Drivers/STM32F4xx_HAL_Driver/Src/stm32f4xx_hal_cortex.c.obj
 *fill*         0x08001faa        0x2 
 .text.HAL_NVIC_SetPriorityGrouping
                0x08001fac       0x24 CMakeFiles/stm32.elf.dir/Drivers/STM32F4xx_HAL_Driver/Src/stm32f4xx_hal_cortex.c.obj
                0x08001fac                HAL_NVIC_SetPriorityGrouping
 .text.HAL_NVIC_SetPriority
                0x08001fd0       0x20 CMakeFiles/stm32.elf.dir/Drivers/STM32F4xx_HAL_Driver/Src/stm32f4xx_hal_cortex.c.obj
                0x08001fd0                HAL_NVIC_SetPriority
 .text.HAL_NVIC_EnableIRQ
                0x08001ff0        0x8 CMakeFiles/stm32.elf.dir/Drivers/STM32F4xx_HAL_Driver/Src/stm32f4xx_hal_cortex.c.obj
                0x08001ff0                HAL_NVIC_EnableIRQ
 .text.HAL_SYSTICK_Config
                0x08001ff8       0x28 CMakeFiles/stm32.elf.dir/Drivers/STM32F4xx_HAL_Driver/Src/stm32f4xx_hal_cortex.c.obj
                0x08001ff8                HAL_SYSTICK_Config
 .text.HAL_DMA_Abort_IT
                0x08002020       0x26 CMakeFiles/stm32.elf.dir/Drivers/STM32F4xx_HAL_Driver/Src/stm32f4xx_hal_dma.c.obj
                0x08002020                HAL_DMA_Abort_IT
 .text.HAL_DMA_GetState
                0x08002046        0x6 CMakeFiles/stm32.elf.dir/Drivers/STM32F4xx_HAL_Driver/Src/stm32f4xx_hal_dma.c.obj
                0x08002046                HAL_DMA_GetState
 .text.HAL_GPIO_Init
                0x0800204c      0x1d0 CMakeFiles/stm32.elf.dir/Drivers/STM32F4xx_HAL_Driver/Src/stm32f4xx_hal_gpio.c.obj
                0x0800204c                HAL_GPIO_Init
 .text.HAL_GPIO_WritePin
                0x0800221c        0xc CMakeFiles/stm32.elf.dir/Drivers/STM32F4xx_HAL_Driver/Src/stm32f4xx_hal_gpio.c.obj
                0x0800221c                HAL_GPIO_WritePin
 .text.HAL_GPIO_TogglePin
                0x08002228       0x12 CMakeFiles/stm32.elf.dir/Drivers/STM32F4xx_HAL_Driver/Src/stm32f4xx_hal_gpio.c.obj
                0x08002228                HAL_GPIO_TogglePin
 .text.I2C_Flush_DR
                0x0800223a       0x10 CMakeFiles/stm32.elf.dir/Drivers/STM32F4xx_HAL_Driver/Src/stm32f4xx_hal_i2c.c.obj
 .text.I2C_Master_SB
                0x0800224a       0xa8 CMakeFiles/stm32.elf.dir/Drivers/STM32F4xx_HAL_Driver/Src/stm32f4xx_hal_i2c.c.obj
 .text.I2C_Master_ADD10
                0x080022f2       0x2a CMakeFiles/stm32.elf.dir/Drivers/STM32F4xx_HAL_Driver/Src/stm32f4xx_hal_i2c.c.obj
 .text.I2C_Master_ADDR
                0x0800231c      0x230 CMakeFiles/stm32.elf.dir/Drivers/STM32F4xx_HAL_Driver/Src/stm32f4xx_hal_i2c.c.obj
 .text.I2C_SlaveTransmit_BTF
                0x0800254c       0x20 CMakeFiles/stm32.elf.dir/Drivers/STM32F4xx_HAL_Driver/Src/stm32f4xx_hal_i2c.c.obj
 .text.I2C_SlaveReceive_BTF
                0x0800256c       0x20 CMakeFiles/stm32.elf.dir/Drivers/STM32F4xx_HAL_Driver/Src/stm32f4xx_hal_i2c.c.obj
 .text.I2C_WaitOnSTOPRequestThroughIT
                0x0800258c       0x48 CMakeFiles/stm32.elf.dir/Drivers/STM32F4xx_HAL_Driver/Src/stm32f4xx_hal_i2c.c.obj
 .text.I2C_IsAcknowledgeFailed
                0x080025d4       0x32 CMakeFiles/stm32.elf.dir/Drivers/STM32F4xx_HAL_Driver/Src/stm32f4xx_hal_i2c.c.obj
 .text.I2C_ConvertOtherXferOptions
                0x08002606       0x1e CMakeFiles/stm32.elf.dir/Drivers/STM32F4xx_HAL_Driver/Src/stm32f4xx_hal_i2c.c.obj
 .text.I2C_WaitOnFlagUntilTimeout
                0x08002624       0xaa CMakeFiles/stm32.elf.dir/Drivers/STM32F4xx_HAL_Driver/Src/stm32f4xx_hal_i2c.c.obj
 .text.I2C_WaitOnMasterAddressFlagUntilTimeout
                0x080026ce       0xd6 CMakeFiles/stm32.elf.dir/Drivers/STM32F4xx_HAL_Driver/Src/stm32f4xx_hal_i2c.c.obj
 .text.I2C_WaitOnTXEFlagUntilTimeout
                0x080027a4       0x5e CMakeFiles/stm32.elf.dir/Drivers/STM32F4xx_HAL_Driver/Src/stm32f4xx_hal_i2c.c.obj
 *fill*         0x08002802        0x2 
 .text.I2C_RequestMemoryWrite
                0x08002804       0xd8 CMakeFiles/stm32.elf.dir/Drivers/STM32F4xx_HAL_Driver/Src/stm32f4xx_hal_i2c.c.obj
 .text.I2C_RequestMemoryRead
                0x080028dc      0x154 CMakeFiles/stm32.elf.dir/Drivers/STM32F4xx_HAL_Driver/Src/stm32f4xx_hal_i2c.c.obj
 .text.I2C_WaitOnBTFFlagUntilTimeout
                0x08002a30       0x5e CMakeFiles/stm32.elf.dir/Drivers/STM32F4xx_HAL_Driver/Src/stm32f4xx_hal_i2c.c.obj
 .text.I2C_WaitOnRXNEFlagUntilTimeout
                0x08002a8e       0x78 CMakeFiles/stm32.elf.dir/Drivers/STM32F4xx_HAL_Driver/Src/stm32f4xx_hal_i2c.c.obj
 *fill*         0x08002b06        0x2 
 .text.HAL_I2C_Init
                0x08002b08      0x1bc CMakeFiles/stm32.elf.dir/Drivers/STM32F4xx_HAL_Driver/Src/stm32f4xx_hal_i2c.c.obj
                0x08002b08                HAL_I2C_Init
 .text.HAL_I2C_Mem_Write
                0x08002cc4      0x164 CMakeFiles/stm32.elf.dir/Drivers/STM32F4xx_HAL_Driver/Src/stm32f4xx_hal_i2c.c.obj
                0x08002cc4                HAL_I2C_Mem_Write
 .text.HAL_I2C_Mem_Read
                0x08002e28      0x2f8 CMakeFiles/stm32.elf.dir/Drivers/STM32F4xx_HAL_Driver/Src/stm32f4xx_hal_i2c.c.obj
                0x08002e28                HAL_I2C_Mem_Read
 .text.HAL_I2C_MasterTxCpltCallback
                0x08003120        0x2 CMakeFiles/stm32.elf.dir/Drivers/STM32F4xx_HAL_Driver/Src/stm32f4xx_hal_i2c.c.obj
                0x08003120                HAL_I2C_MasterTxCpltCallback
 .text.HAL_I2C_MasterRxCpltCallback
                0x08003122        0x2 CMakeFiles/stm32.elf.dir/Drivers/STM32F4xx_HAL_Driver/Src/stm32f4xx_hal_i2c.c.obj
                0x08003122                HAL_I2C_MasterRxCpltCallback
 .text.HAL_I2C_SlaveTxCpltCallback
                0x08003124        0x2 CMakeFiles/stm32.elf.dir/Drivers/STM32F4xx_HAL_Driver/Src/stm32f4xx_hal_i2c.c.obj
                0x08003124                HAL_I2C_SlaveTxCpltCallback
 .text.I2C_SlaveTransmit_TXE
                0x08003126       0x4c CMakeFiles/stm32.elf.dir/Drivers/STM32F4xx_HAL_Driver/Src/stm32f4xx_hal_i2c.c.obj
 .text.HAL_I2C_SlaveRxCpltCallback
                0x08003172        0x2 CMakeFiles/stm32.elf.dir/Drivers/STM32F4xx_HAL_Driver/Src/stm32f4xx_hal_i2c.c.obj
                0x08003172                HAL_I2C_SlaveRxCpltCallback
 .text.I2C_SlaveReceive_RXNE
                0x08003174       0x4c CMakeFiles/stm32.elf.dir/Drivers/STM32F4xx_HAL_Driver/Src/stm32f4xx_hal_i2c.c.obj
 .text.HAL_I2C_AddrCallback
                0x080031c0        0x2 CMakeFiles/stm32.elf.dir/Drivers/STM32F4xx_HAL_Driver/Src/stm32f4xx_hal_i2c.c.obj
                0x080031c0                HAL_I2C_AddrCallback
 .text.I2C_Slave_ADDR
                0x080031c2       0x5a CMakeFiles/stm32.elf.dir/Drivers/STM32F4xx_HAL_Driver/Src/stm32f4xx_hal_i2c.c.obj
 .text.HAL_I2C_ListenCpltCallback
                0x0800321c        0x2 CMakeFiles/stm32.elf.dir/Drivers/STM32F4xx_HAL_Driver/Src/stm32f4xx_hal_i2c.c.obj
                0x0800321c                HAL_I2C_ListenCpltCallback
 *fill*         0x0800321e        0x2 
 .text.I2C_Slave_AF
                0x08003220       0xa0 CMakeFiles/stm32.elf.dir/Drivers/STM32F4xx_HAL_Driver/Src/stm32f4xx_hal_i2c.c.obj
 .text.HAL_I2C_MemTxCpltCallback
                0x080032c0        0x2 CMakeFiles/stm32.elf.dir/Drivers/STM32F4xx_HAL_Driver/Src/stm32f4xx_hal_i2c.c.obj
                0x080032c0                HAL_I2C_MemTxCpltCallback
 .text.I2C_MasterTransmit_BTF
                0x080032c2       0x9e CMakeFiles/stm32.elf.dir/Drivers/STM32F4xx_HAL_Driver/Src/stm32f4xx_hal_i2c.c.obj
 .text.I2C_MemoryTransmit_TXE_BTF
                0x08003360       0xc4 CMakeFiles/stm32.elf.dir/Drivers/STM32F4xx_HAL_Driver/Src/stm32f4xx_hal_i2c.c.obj
 .text.I2C_MasterTransmit_TXE
                0x08003424       0xd4 CMakeFiles/stm32.elf.dir/Drivers/STM32F4xx_HAL_Driver/Src/stm32f4xx_hal_i2c.c.obj
 .text.HAL_I2C_MemRxCpltCallback
                0x080034f8        0x2 CMakeFiles/stm32.elf.dir/Drivers/STM32F4xx_HAL_Driver/Src/stm32f4xx_hal_i2c.c.obj
                0x080034f8                HAL_I2C_MemRxCpltCallback
 .text.I2C_MasterReceive_BTF
                0x080034fa      0x140 CMakeFiles/stm32.elf.dir/Drivers/STM32F4xx_HAL_Driver/Src/stm32f4xx_hal_i2c.c.obj
 .text.HAL_I2C_ErrorCallback
                0x0800363a        0x2 CMakeFiles/stm32.elf.dir/Drivers/STM32F4xx_HAL_Driver/Src/stm32f4xx_hal_i2c.c.obj
                0x0800363a                HAL_I2C_ErrorCallback
 .text.I2C_MasterReceive_RXNE
                0x0800363c      0x106 CMakeFiles/stm32.elf.dir/Drivers/STM32F4xx_HAL_Driver/Src/stm32f4xx_hal_i2c.c.obj
 .text.HAL_I2C_AbortCpltCallback
                0x08003742        0x2 CMakeFiles/stm32.elf.dir/Drivers/STM32F4xx_HAL_Driver/Src/stm32f4xx_hal_i2c.c.obj
                0x08003742                HAL_I2C_AbortCpltCallback
 .text.I2C_DMAAbort
                0x08003744       0xe4 CMakeFiles/stm32.elf.dir/Drivers/STM32F4xx_HAL_Driver/Src/stm32f4xx_hal_i2c.c.obj
 .text.I2C_ITError
                0x08003828      0x178 CMakeFiles/stm32.elf.dir/Drivers/STM32F4xx_HAL_Driver/Src/stm32f4xx_hal_i2c.c.obj
 .text.I2C_Slave_STOPF
                0x080039a0      0x18c CMakeFiles/stm32.elf.dir/Drivers/STM32F4xx_HAL_Driver/Src/stm32f4xx_hal_i2c.c.obj
 .text.HAL_I2C_EV_IRQHandler
                0x08003b2c      0x1a0 CMakeFiles/stm32.elf.dir/Drivers/STM32F4xx_HAL_Driver/Src/stm32f4xx_hal_i2c.c.obj
                0x08003b2c                HAL_I2C_EV_IRQHandler
 .text.HAL_I2C_ER_IRQHandler
                0x08003ccc       0xc4 CMakeFiles/stm32.elf.dir/Drivers/STM32F4xx_HAL_Driver/Src/stm32f4xx_hal_i2c.c.obj
                0x08003ccc                HAL_I2C_ER_IRQHandler
 .text.PCD_WriteEmptyTxFifo
                0x08003d90       0xd0 CMakeFiles/stm32.elf.dir/Drivers/STM32F4xx_HAL_Driver/Src/stm32f4xx_hal_pcd.c.obj
 .text.HAL_PCD_Init
                0x08003e60      0x102 CMakeFiles/stm32.elf.dir/Drivers/STM32F4xx_HAL_Driver/Src/stm32f4xx_hal_pcd.c.obj
                0x08003e60                HAL_PCD_Init
 .text.HAL_PCD_Start
                0x08003f62       0x44 CMakeFiles/stm32.elf.dir/Drivers/STM32F4xx_HAL_Driver/Src/stm32f4xx_hal_pcd.c.obj
                0x08003f62                HAL_PCD_Start
 *fill*         0x08003fa6        0x2 
 .text.PCD_EP_OutXfrComplete_int
                0x08003fa8      0x104 CMakeFiles/stm32.elf.dir/Drivers/STM32F4xx_HAL_Driver/Src/stm32f4xx_hal_pcd.c.obj
 .text.PCD_EP_OutSetupPacket_int
                0x080040ac       0x50 CMakeFiles/stm32.elf.dir/Drivers/STM32F4xx_HAL_Driver/Src/stm32f4xx_hal_pcd.c.obj
 .text.HAL_PCD_SetAddress
                0x080040fc       0x26 CMakeFiles/stm32.elf.dir/Drivers/STM32F4xx_HAL_Driver/Src/stm32f4xx_hal_pcd.c.obj
                0x080040fc                HAL_PCD_SetAddress
 .text.HAL_PCD_EP_Open
                0x08004122       0x8c CMakeFiles/stm32.elf.dir/Drivers/STM32F4xx_HAL_Driver/Src/stm32f4xx_hal_pcd.c.obj
                0x08004122                HAL_PCD_EP_Open
 .text.HAL_PCD_EP_Close
                0x080041ae       0x70 CMakeFiles/stm32.elf.dir/Drivers/STM32F4xx_HAL_Driver/Src/stm32f4xx_hal_pcd.c.obj
                0x080041ae                HAL_PCD_EP_Close
 .text.HAL_PCD_EP_Receive
                0x0800421e       0x4a CMakeFiles/stm32.elf.dir/Drivers/STM32F4xx_HAL_Driver/Src/stm32f4xx_hal_pcd.c.obj
                0x0800421e                HAL_PCD_EP_Receive
 .text.HAL_PCD_EP_GetRxCount
                0x08004268       0x12 CMakeFiles/stm32.elf.dir/Drivers/STM32F4xx_HAL_Driver/Src/stm32f4xx_hal_pcd.c.obj
                0x08004268                HAL_PCD_EP_GetRxCount
 .text.HAL_PCD_EP_Transmit
                0x0800427a       0x4a CMakeFiles/stm32.elf.dir/Drivers/STM32F4xx_HAL_Driver/Src/stm32f4xx_hal_pcd.c.obj
                0x0800427a                HAL_PCD_EP_Transmit
 .text.HAL_PCD_EP_SetStall
                0x080042c4       0x86 CMakeFiles/stm32.elf.dir/Drivers/STM32F4xx_HAL_Driver/Src/stm32f4xx_hal_pcd.c.obj
                0x080042c4                HAL_PCD_EP_SetStall
 .text.HAL_PCD_EP_ClrStall
                0x0800434a       0x74 CMakeFiles/stm32.elf.dir/Drivers/STM32F4xx_HAL_Driver/Src/stm32f4xx_hal_pcd.c.obj
                0x0800434a                HAL_PCD_EP_ClrStall
 .text.HAL_PCD_EP_Abort
                0x080043be       0x34 CMakeFiles/stm32.elf.dir/Drivers/STM32F4xx_HAL_Driver/Src/stm32f4xx_hal_pcd.c.obj
                0x080043be                HAL_PCD_EP_Abort
 .text.HAL_PCD_IRQHandler
                0x080043f2      0x5c0 CMakeFiles/stm32.elf.dir/Drivers/STM32F4xx_HAL_Driver/Src/stm32f4xx_hal_pcd.c.obj
                0x080043f2                HAL_PCD_IRQHandler
 .text.HAL_PCDEx_SetTxFiFo
                0x080049b2       0x4a CMakeFiles/stm32.elf.dir/Drivers/STM32F4xx_HAL_Driver/Src/stm32f4xx_hal_pcd_ex.c.obj
                0x080049b2                HAL_PCDEx_SetTxFiFo
 .text.HAL_PCDEx_SetRxFiFo
                0x080049fc        0x8 CMakeFiles/stm32.elf.dir/Drivers/STM32F4xx_HAL_Driver/Src/stm32f4xx_hal_pcd_ex.c.obj
                0x080049fc                HAL_PCDEx_SetRxFiFo
 .text.HAL_PCDEx_LPM_Callback
                0x08004a04        0x2 CMakeFiles/stm32.elf.dir/Drivers/STM32F4xx_HAL_Driver/Src/stm32f4xx_hal_pcd_ex.c.obj
                0x08004a04                HAL_PCDEx_LPM_Callback
 *fill*         0x08004a06        0x2 
 .text.HAL_RCC_OscConfig
                0x08004a08      0x3f8 CMakeFiles/stm32.elf.dir/Drivers/STM32F4xx_HAL_Driver/Src/stm32f4xx_hal_rcc.c.obj
                0x08004a08                HAL_RCC_OscConfig
 .text.HAL_RCC_GetSysClockFreq
                0x08004e00       0xa8 CMakeFiles/stm32.elf.dir/Drivers/STM32F4xx_HAL_Driver/Src/stm32f4xx_hal_rcc.c.obj
                0x08004e00                HAL_RCC_GetSysClockFreq
 .text.HAL_RCC_ClockConfig
                0x08004ea8      0x160 CMakeFiles/stm32.elf.dir/Drivers/STM32F4xx_HAL_Driver/Src/stm32f4xx_hal_rcc.c.obj
                0x08004ea8                HAL_RCC_ClockConfig
 .text.HAL_RCC_GetHCLKFreq
                0x08005008        0xc CMakeFiles/stm32.elf.dir/Drivers/STM32F4xx_HAL_Driver/Src/stm32f4xx_hal_rcc.c.obj
                0x08005008                HAL_RCC_GetHCLKFreq
 .text.HAL_RCC_GetPCLK1Freq
                0x08005014       0x20 CMakeFiles/stm32.elf.dir/Drivers/STM32F4xx_HAL_Driver/Src/stm32f4xx_hal_rcc.c.obj
                0x08005014                HAL_RCC_GetPCLK1Freq
 .text.TIM_TI1_ConfigInputStage
                0x08005034       0x24 CMakeFiles/stm32.elf.dir/Drivers/STM32F4xx_HAL_Driver/Src/stm32f4xx_hal_tim.c.obj
 .text.TIM_TI2_ConfigInputStage
                0x08005058       0x26 CMakeFiles/stm32.elf.dir/Drivers/STM32F4xx_HAL_Driver/Src/stm32f4xx_hal_tim.c.obj
 .text.TIM_ITRx_SetConfig
                0x0800507e       0x10 CMakeFiles/stm32.elf.dir/Drivers/STM32F4xx_HAL_Driver/Src/stm32f4xx_hal_tim.c.obj
 *fill*         0x0800508e        0x2 
 .text.HAL_TIM_Base_Start_IT
                0x08005090       0x78 CMakeFiles/stm32.elf.dir/Drivers/STM32F4xx_HAL_Driver/Src/stm32f4xx_hal_tim.c.obj
                0x08005090                HAL_TIM_Base_Start_IT
 .text.HAL_TIM_PeriodElapsedCallback
                0x08005108        0x2 CMakeFiles/stm32.elf.dir/Drivers/STM32F4xx_HAL_Driver/Src/stm32f4xx_hal_tim.c.obj
                0x08005108                HAL_TIM_PeriodElapsedCallback
 .text.HAL_TIM_OC_DelayElapsedCallback
                0x0800510a        0x2 CMakeFiles/stm32.elf.dir/Drivers/STM32F4xx_HAL_Driver/Src/stm32f4xx_hal_tim.c.obj
                0x0800510a                HAL_TIM_OC_DelayElapsedCallback
 .text.HAL_TIM_IC_CaptureCallback
                0x0800510c        0x2 CMakeFiles/stm32.elf.dir/Drivers/STM32F4xx_HAL_Driver/Src/stm32f4xx_hal_tim.c.obj
                0x0800510c                HAL_TIM_IC_CaptureCallback
 .text.HAL_TIM_PWM_PulseFinishedCallback
                0x0800510e        0x2 CMakeFiles/stm32.elf.dir/Drivers/STM32F4xx_HAL_Driver/Src/stm32f4xx_hal_tim.c.obj
                0x0800510e                HAL_TIM_PWM_PulseFinishedCallback
 .text.HAL_TIM_TriggerCallback
                0x08005110        0x2 CMakeFiles/stm32.elf.dir/Drivers/STM32F4xx_HAL_Driver/Src/stm32f4xx_hal_tim.c.obj
                0x08005110                HAL_TIM_TriggerCallback
 .text.HAL_TIM_IRQHandler
                0x08005112      0x15e CMakeFiles/stm32.elf.dir/Drivers/STM32F4xx_HAL_Driver/Src/stm32f4xx_hal_tim.c.obj
                0x08005112                HAL_TIM_IRQHandler
 .text.TIM_Base_SetConfig
                0x08005270       0xac CMakeFiles/stm32.elf.dir/Drivers/STM32F4xx_HAL_Driver/Src/stm32f4xx_hal_tim.c.obj
                0x08005270                TIM_Base_SetConfig
 .text.HAL_TIM_Base_Init
                0x0800531c       0x58 CMakeFiles/stm32.elf.dir/Drivers/STM32F4xx_HAL_Driver/Src/stm32f4xx_hal_tim.c.obj
                0x0800531c                HAL_TIM_Base_Init
 .text.TIM_ETR_SetConfig
                0x08005374       0x18 CMakeFiles/stm32.elf.dir/Drivers/STM32F4xx_HAL_Driver/Src/stm32f4xx_hal_tim.c.obj
                0x08005374                TIM_ETR_SetConfig
 .text.HAL_TIM_ConfigClockSource
                0x0800538c       0xfe CMakeFiles/stm32.elf.dir/Drivers/STM32F4xx_HAL_Driver/Src/stm32f4xx_hal_tim.c.obj
                0x0800538c                HAL_TIM_ConfigClockSource
 *fill*         0x0800548a        0x2 
 .text.HAL_TIMEx_MasterConfigSynchronization
                0x0800548c       0x7c CMakeFiles/stm32.elf.dir/Drivers/STM32F4xx_HAL_Driver/Src/stm32f4xx_hal_tim_ex.c.obj
                0x0800548c                HAL_TIMEx_MasterConfigSynchronization
 .text.HAL_TIMEx_CommutCallback
                0x08005508        0x2 CMakeFiles/stm32.elf.dir/Drivers/STM32F4xx_HAL_Driver/Src/stm32f4xx_hal_tim_ex.c.obj
                0x08005508                HAL_TIMEx_CommutCallback
 .text.HAL_TIMEx_BreakCallback
                0x0800550a        0x2 CMakeFiles/stm32.elf.dir/Drivers/STM32F4xx_HAL_Driver/Src/stm32f4xx_hal_tim_ex.c.obj
                0x0800550a                HAL_TIMEx_BreakCallback
 .text.USB_CoreReset
                0x0800550c       0x4a CMakeFiles/stm32.elf.dir/Drivers/STM32F4xx_HAL_Driver/Src/stm32f4xx_ll_usb.c.obj
 .text.USB_CoreInit
                0x08005556       0x92 CMakeFiles/stm32.elf.dir/Drivers/STM32F4xx_HAL_Driver/Src/stm32f4xx_ll_usb.c.obj
                0x08005556                USB_CoreInit
 .text.USB_SetTurnaroundTime
                0x080055e8       0xe4 CMakeFiles/stm32.elf.dir/Drivers/STM32F4xx_HAL_Driver/Src/stm32f4xx_ll_usb.c.obj
                0x080055e8                USB_SetTurnaroundTime
 .text.USB_EnableGlobalInt
                0x080056cc        0xc CMakeFiles/stm32.elf.dir/Drivers/STM32F4xx_HAL_Driver/Src/stm32f4xx_ll_usb.c.obj
                0x080056cc                USB_EnableGlobalInt
 .text.USB_DisableGlobalInt
                0x080056d8        0xc CMakeFiles/stm32.elf.dir/Drivers/STM32F4xx_HAL_Driver/Src/stm32f4xx_ll_usb.c.obj
                0x080056d8                USB_DisableGlobalInt
 .text.USB_FlushTxFifo
                0x080056e4       0x4a CMakeFiles/stm32.elf.dir/Drivers/STM32F4xx_HAL_Driver/Src/stm32f4xx_ll_usb.c.obj
                0x080056e4                USB_FlushTxFifo
 .text.USB_FlushRxFifo
                0x0800572e       0x46 CMakeFiles/stm32.elf.dir/Drivers/STM32F4xx_HAL_Driver/Src/stm32f4xx_ll_usb.c.obj
                0x0800572e                USB_FlushRxFifo
 .text.USB_SetDevSpeed
                0x08005774        0xe CMakeFiles/stm32.elf.dir/Drivers/STM32F4xx_HAL_Driver/Src/stm32f4xx_ll_usb.c.obj
                0x08005774                USB_SetDevSpeed
 *fill*         0x08005782        0x2 
 .text.USB_DevInit
                0x08005784      0x194 CMakeFiles/stm32.elf.dir/Drivers/STM32F4xx_HAL_Driver/Src/stm32f4xx_ll_usb.c.obj
                0x08005784                USB_DevInit
 .text.USB_GetDevSpeed
                0x08005918       0x22 CMakeFiles/stm32.elf.dir/Drivers/STM32F4xx_HAL_Driver/Src/stm32f4xx_ll_usb.c.obj
                0x08005918                USB_GetDevSpeed
 .text.USB_ActivateEndpoint
                0x0800593a       0x9a CMakeFiles/stm32.elf.dir/Drivers/STM32F4xx_HAL_Driver/Src/stm32f4xx_ll_usb.c.obj
                0x0800593a                USB_ActivateEndpoint
 .text.USB_DeactivateEndpoint
                0x080059d4       0xe0 CMakeFiles/stm32.elf.dir/Drivers/STM32F4xx_HAL_Driver/Src/stm32f4xx_ll_usb.c.obj
                0x080059d4                USB_DeactivateEndpoint
 .text.USB_EPStopXfer
                0x08005ab4       0xbc CMakeFiles/stm32.elf.dir/Drivers/STM32F4xx_HAL_Driver/Src/stm32f4xx_ll_usb.c.obj
                0x08005ab4                USB_EPStopXfer
 .text.USB_WritePacket
                0x08005b70       0x2e CMakeFiles/stm32.elf.dir/Drivers/STM32F4xx_HAL_Driver/Src/stm32f4xx_ll_usb.c.obj
                0x08005b70                USB_WritePacket
 *fill*         0x08005b9e        0x2 
 .text.USB_EPStartXfer
                0x08005ba0      0x244 CMakeFiles/stm32.elf.dir/Drivers/STM32F4xx_HAL_Driver/Src/stm32f4xx_ll_usb.c.obj
                0x08005ba0                USB_EPStartXfer
 .text.USB_ReadPacket
                0x08005de4       0x46 CMakeFiles/stm32.elf.dir/Drivers/STM32F4xx_HAL_Driver/Src/stm32f4xx_ll_usb.c.obj
                0x08005de4                USB_ReadPacket
 .text.USB_EPSetStall
                0x08005e2a       0x5a CMakeFiles/stm32.elf.dir/Drivers/STM32F4xx_HAL_Driver/Src/stm32f4xx_ll_usb.c.obj
                0x08005e2a                USB_EPSetStall
 .text.USB_EPClearStall
                0x08005e84       0x5c CMakeFiles/stm32.elf.dir/Drivers/STM32F4xx_HAL_Driver/Src/stm32f4xx_ll_usb.c.obj
                0x08005e84                USB_EPClearStall
 .text.USB_SetDevAddress
                0x08005ee0       0x20 CMakeFiles/stm32.elf.dir/Drivers/STM32F4xx_HAL_Driver/Src/stm32f4xx_ll_usb.c.obj
                0x08005ee0                USB_SetDevAddress
 .text.USB_DevConnect
                0x08005f00       0x1c CMakeFiles/stm32.elf.dir/Drivers/STM32F4xx_HAL_Driver/Src/stm32f4xx_ll_usb.c.obj
                0x08005f00                USB_DevConnect
 .text.USB_DevDisconnect
                0x08005f1c       0x1c CMakeFiles/stm32.elf.dir/Drivers/STM32F4xx_HAL_Driver/Src/stm32f4xx_ll_usb.c.obj
                0x08005f1c                USB_DevDisconnect
 .text.USB_ReadInterrupts
                0x08005f38        0x8 CMakeFiles/stm32.elf.dir/Drivers/STM32F4xx_HAL_Driver/Src/stm32f4xx_ll_usb.c.obj
                0x08005f38                USB_ReadInterrupts
 .text.USB_ReadDevAllOutEpInterrupt
                0x08005f40       0x10 CMakeFiles/stm32.elf.dir/Drivers/STM32F4xx_HAL_Driver/Src/stm32f4xx_ll_usb.c.obj
                0x08005f40                USB_ReadDevAllOutEpInterrupt
 .text.USB_ReadDevAllInEpInterrupt
                0x08005f50       0x10 CMakeFiles/stm32.elf.dir/Drivers/STM32F4xx_HAL_Driver/Src/stm32f4xx_ll_usb.c.obj
                0x08005f50                USB_ReadDevAllInEpInterrupt
 .text.USB_ReadDevOutEPInterrupt
                0x08005f60       0x12 CMakeFiles/stm32.elf.dir/Drivers/STM32F4xx_HAL_Driver/Src/stm32f4xx_ll_usb.c.obj
                0x08005f60                USB_ReadDevOutEPInterrupt
 .text.USB_ReadDevInEPInterrupt
                0x08005f72       0x24 CMakeFiles/stm32.elf.dir/Drivers/STM32F4xx_HAL_Driver/Src/stm32f4xx_ll_usb.c.obj
                0x08005f72                USB_ReadDevInEPInterrupt
 .text.USB_GetMode
                0x08005f96        0x8 CMakeFiles/stm32.elf.dir/Drivers/STM32F4xx_HAL_Driver/Src/stm32f4xx_ll_usb.c.obj
                0x08005f96                USB_GetMode
 .text.USB_SetCurrentMode
                0x08005f9e       0x62 CMakeFiles/stm32.elf.dir/Drivers/STM32F4xx_HAL_Driver/Src/stm32f4xx_ll_usb.c.obj
                0x08005f9e                USB_SetCurrentMode
 .text.USB_ActivateSetup
                0x08006000       0x1c CMakeFiles/stm32.elf.dir/Drivers/STM32F4xx_HAL_Driver/Src/stm32f4xx_ll_usb.c.obj
                0x08006000                USB_ActivateSetup
 .text.USB_EP0_OutStart
                0x0800601c       0x5c CMakeFiles/stm32.elf.dir/Drivers/STM32F4xx_HAL_Driver/Src/stm32f4xx_ll_usb.c.obj
                0x0800601c                USB_EP0_OutStart
 .text.USBD_CDC_EP0_RxReady
                0x08006078       0x40 CMakeFiles/stm32.elf.dir/Middlewares/ST/STM32_USB_Device_Library/Class/CDC/Src/usbd_cdc.c.obj
 .text.USBD_CDC_GetDeviceQualifierDescriptor
                0x080060b8        0xc CMakeFiles/stm32.elf.dir/Middlewares/ST/STM32_USB_Device_Library/Class/CDC/Src/usbd_cdc.c.obj
                0x080060b8                USBD_CDC_GetDeviceQualifierDescriptor
 .text.USBD_CDC_GetOtherSpeedCfgDesc
                0x080060c4       0x48 CMakeFiles/stm32.elf.dir/Middlewares/ST/STM32_USB_Device_Library/Class/CDC/Src/usbd_cdc.c.obj
 .text.USBD_CDC_GetFSCfgDesc
                0x0800610c       0x48 CMakeFiles/stm32.elf.dir/Middlewares/ST/STM32_USB_Device_Library/Class/CDC/Src/usbd_cdc.c.obj
 .text.USBD_CDC_GetHSCfgDesc
                0x08006154       0x48 CMakeFiles/stm32.elf.dir/Middlewares/ST/STM32_USB_Device_Library/Class/CDC/Src/usbd_cdc.c.obj
 .text.USBD_CDC_DataOut
                0x0800619c       0x38 CMakeFiles/stm32.elf.dir/Middlewares/ST/STM32_USB_Device_Library/Class/CDC/Src/usbd_cdc.c.obj
 .text.USBD_CDC_DataIn
                0x080061d4       0x7c CMakeFiles/stm32.elf.dir/Middlewares/ST/STM32_USB_Device_Library/Class/CDC/Src/usbd_cdc.c.obj
 .text.USBD_CDC_Setup
                0x08006250      0x11a CMakeFiles/stm32.elf.dir/Middlewares/ST/STM32_USB_Device_Library/Class/CDC/Src/usbd_cdc.c.obj
 .text.USBD_CDC_DeInit
                0x0800636a       0x64 CMakeFiles/stm32.elf.dir/Middlewares/ST/STM32_USB_Device_Library/Class/CDC/Src/usbd_cdc.c.obj
 .text.USBD_CDC_Init
                0x080063ce       0xee CMakeFiles/stm32.elf.dir/Middlewares/ST/STM32_USB_Device_Library/Class/CDC/Src/usbd_cdc.c.obj
 .text.USBD_CDC_RegisterInterface
                0x080064bc       0x16 CMakeFiles/stm32.elf.dir/Middlewares/ST/STM32_USB_Device_Library/Class/CDC/Src/usbd_cdc.c.obj
                0x080064bc                USBD_CDC_RegisterInterface
 .text.USBD_CDC_SetTxBuffer
                0x080064d2       0x1c CMakeFiles/stm32.elf.dir/Middlewares/ST/STM32_USB_Device_Library/Class/CDC/Src/usbd_cdc.c.obj
                0x080064d2                USBD_CDC_SetTxBuffer
 .text.USBD_CDC_SetRxBuffer
                0x080064ee       0x18 CMakeFiles/stm32.elf.dir/Middlewares/ST/STM32_USB_Device_Library/Class/CDC/Src/usbd_cdc.c.obj
                0x080064ee                USBD_CDC_SetRxBuffer
 .text.USBD_CDC_TransmitPacket
                0x08006506       0x36 CMakeFiles/stm32.elf.dir/Middlewares/ST/STM32_USB_Device_Library/Class/CDC/Src/usbd_cdc.c.obj
                0x08006506                USBD_CDC_TransmitPacket
 .text.USBD_CDC_ReceivePacket
                0x0800653c       0x38 CMakeFiles/stm32.elf.dir/Middlewares/ST/STM32_USB_Device_Library/Class/CDC/Src/usbd_cdc.c.obj
                0x0800653c                USBD_CDC_ReceivePacket
 .text.USBD_Init
                0x08006574       0x2e CMakeFiles/stm32.elf.dir/Middlewares/ST/STM32_USB_Device_Library/Core/Src/usbd_core.c.obj
                0x08006574                USBD_Init
 .text.USBD_RegisterClass
                0x080065a2       0x40 CMakeFiles/stm32.elf.dir/Middlewares/ST/STM32_USB_Device_Library/Core/Src/usbd_core.c.obj
                0x080065a2                USBD_RegisterClass
 .text.USBD_Start
                0x080065e2        0x8 CMakeFiles/stm32.elf.dir/Middlewares/ST/STM32_USB_Device_Library/Core/Src/usbd_core.c.obj
                0x080065e2                USBD_Start
 .text.USBD_SetClassConfig
                0x080065ea       0x12 CMakeFiles/stm32.elf.dir/Middlewares/ST/STM32_USB_Device_Library/Core/Src/usbd_core.c.obj
                0x080065ea                USBD_SetClassConfig
 .text.USBD_ClrClassConfig
                0x080065fc       0x12 CMakeFiles/stm32.elf.dir/Middlewares/ST/STM32_USB_Device_Library/Core/Src/usbd_core.c.obj
                0x080065fc                USBD_ClrClassConfig
 .text.USBD_LL_SetupStage
                0x0800660e       0x58 CMakeFiles/stm32.elf.dir/Middlewares/ST/STM32_USB_Device_Library/Core/Src/usbd_core.c.obj
                0x0800660e                USBD_LL_SetupStage
 .text.USBD_LL_Reset
                0x08006666       0x64 CMakeFiles/stm32.elf.dir/Middlewares/ST/STM32_USB_Device_Library/Core/Src/usbd_core.c.obj
                0x08006666                USBD_LL_Reset
 .text.USBD_LL_SetSpeed
                0x080066ca        0x6 CMakeFiles/stm32.elf.dir/Middlewares/ST/STM32_USB_Device_Library/Core/Src/usbd_core.c.obj
                0x080066ca                USBD_LL_SetSpeed
 .text.USBD_LL_Suspend
                0x080066d0       0x1e CMakeFiles/stm32.elf.dir/Middlewares/ST/STM32_USB_Device_Library/Core/Src/usbd_core.c.obj
                0x080066d0                USBD_LL_Suspend
 .text.USBD_LL_Resume
                0x080066ee       0x1a CMakeFiles/stm32.elf.dir/Middlewares/ST/STM32_USB_Device_Library/Core/Src/usbd_core.c.obj
                0x080066ee                USBD_LL_Resume
 .text.USBD_LL_SOF
                0x08006708       0x22 CMakeFiles/stm32.elf.dir/Middlewares/ST/STM32_USB_Device_Library/Core/Src/usbd_core.c.obj
                0x08006708                USBD_LL_SOF
 .text.USBD_LL_IsoINIncomplete
                0x0800672a       0x2e CMakeFiles/stm32.elf.dir/Middlewares/ST/STM32_USB_Device_Library/Core/Src/usbd_core.c.obj
                0x0800672a                USBD_LL_IsoINIncomplete
 .text.USBD_LL_IsoOUTIncomplete
                0x08006758       0x2e CMakeFiles/stm32.elf.dir/Middlewares/ST/STM32_USB_Device_Library/Core/Src/usbd_core.c.obj
                0x08006758                USBD_LL_IsoOUTIncomplete
 .text.USBD_LL_DevConnected
                0x08006786        0x4 CMakeFiles/stm32.elf.dir/Middlewares/ST/STM32_USB_Device_Library/Core/Src/usbd_core.c.obj
                0x08006786                USBD_LL_DevConnected
 .text.USBD_LL_DevDisconnected
                0x0800678a       0x20 CMakeFiles/stm32.elf.dir/Middlewares/ST/STM32_USB_Device_Library/Core/Src/usbd_core.c.obj
                0x0800678a                USBD_LL_DevDisconnected
 .text.USBD_CoreFindIF
                0x080067aa        0x4 CMakeFiles/stm32.elf.dir/Middlewares/ST/STM32_USB_Device_Library/Core/Src/usbd_core.c.obj
                0x080067aa                USBD_CoreFindIF
 .text.USBD_CoreFindEP
                0x080067ae        0x4 CMakeFiles/stm32.elf.dir/Middlewares/ST/STM32_USB_Device_Library/Core/Src/usbd_core.c.obj
                0x080067ae                USBD_CoreFindEP
 .text.USBD_LL_DataOutStage
                0x080067b2       0xc4 CMakeFiles/stm32.elf.dir/Middlewares/ST/STM32_USB_Device_Library/Core/Src/usbd_core.c.obj
                0x080067b2                USBD_LL_DataOutStage
 .text.USBD_LL_DataInStage
                0x08006876       0xd6 CMakeFiles/stm32.elf.dir/Middlewares/ST/STM32_USB_Device_Library/Core/Src/usbd_core.c.obj
                0x08006876                USBD_LL_DataInStage
 .text.USBD_GetNextDesc
                0x0800694c        0xe CMakeFiles/stm32.elf.dir/Middlewares/ST/STM32_USB_Device_Library/Core/Src/usbd_core.c.obj
                0x0800694c                USBD_GetNextDesc
 .text.USBD_GetEpDesc
                0x0800695a       0x3e CMakeFiles/stm32.elf.dir/Middlewares/ST/STM32_USB_Device_Library/Core/Src/usbd_core.c.obj
                0x0800695a                USBD_GetEpDesc
 .text.USBD_GetLen
                0x08006998       0x14 CMakeFiles/stm32.elf.dir/Middlewares/ST/STM32_USB_Device_Library/Core/Src/usbd_ctlreq.c.obj
 .text.USBD_ParseSetupRequest
                0x080069ac       0x28 CMakeFiles/stm32.elf.dir/Middlewares/ST/STM32_USB_Device_Library/Core/Src/usbd_ctlreq.c.obj
                0x080069ac                USBD_ParseSetupRequest
 .text.USBD_CtlError
                0x080069d4       0x14 CMakeFiles/stm32.elf.dir/Middlewares/ST/STM32_USB_Device_Library/Core/Src/usbd_ctlreq.c.obj
                0x080069d4                USBD_CtlError
 .text.USBD_GetDescriptor
                0x080069e8      0x18a CMakeFiles/stm32.elf.dir/Middlewares/ST/STM32_USB_Device_Library/Core/Src/usbd_ctlreq.c.obj
 .text.USBD_SetAddress
                0x08006b72       0x50 CMakeFiles/stm32.elf.dir/Middlewares/ST/STM32_USB_Device_Library/Core/Src/usbd_ctlreq.c.obj
 *fill*         0x08006bc2        0x2 
 .text.USBD_SetConfig
                0x08006bc4       0xcc CMakeFiles/stm32.elf.dir/Middlewares/ST/STM32_USB_Device_Library/Core/Src/usbd_ctlreq.c.obj
 .text.USBD_GetConfig
                0x08006c90       0x40 CMakeFiles/stm32.elf.dir/Middlewares/ST/STM32_USB_Device_Library/Core/Src/usbd_ctlreq.c.obj
 .text.USBD_GetStatus
                0x08006cd0       0x38 CMakeFiles/stm32.elf.dir/Middlewares/ST/STM32_USB_Device_Library/Core/Src/usbd_ctlreq.c.obj
 .text.USBD_SetFeature
                0x08006d08       0x2a CMakeFiles/stm32.elf.dir/Middlewares/ST/STM32_USB_Device_Library/Core/Src/usbd_ctlreq.c.obj
 .text.USBD_ClrFeature
                0x08006d32       0x26 CMakeFiles/stm32.elf.dir/Middlewares/ST/STM32_USB_Device_Library/Core/Src/usbd_ctlreq.c.obj
 .text.USBD_StdDevReq
                0x08006d58       0x76 CMakeFiles/stm32.elf.dir/Middlewares/ST/STM32_USB_Device_Library/Core/Src/usbd_ctlreq.c.obj
                0x08006d58                USBD_StdDevReq
 .text.USBD_StdItfReq
                0x08006dce       0x84 CMakeFiles/stm32.elf.dir/Middlewares/ST/STM32_USB_Device_Library/Core/Src/usbd_ctlreq.c.obj
                0x08006dce                USBD_StdItfReq
 .text.USBD_StdEPReq
                0x08006e52      0x230 CMakeFiles/stm32.elf.dir/Middlewares/ST/STM32_USB_Device_Library/Core/Src/usbd_ctlreq.c.obj
                0x08006e52                USBD_StdEPReq
 .text.USBD_GetString
                0x08007082       0x46 CMakeFiles/stm32.elf.dir/Middlewares/ST/STM32_USB_Device_Library/Core/Src/usbd_ctlreq.c.obj
                0x08007082                USBD_GetString
 .text.USBD_CtlSendData
                0x080070c8       0x1a CMakeFiles/stm32.elf.dir/Middlewares/ST/STM32_USB_Device_Library/Core/Src/usbd_ioreq.c.obj
                0x080070c8                USBD_CtlSendData
 .text.USBD_CtlContinueSendData
                0x080070e2       0x10 CMakeFiles/stm32.elf.dir/Middlewares/ST/STM32_USB_Device_Library/Core/Src/usbd_ioreq.c.obj
                0x080070e2                USBD_CtlContinueSendData
 .text.USBD_CtlPrepareRx
                0x080070f2       0x1e CMakeFiles/stm32.elf.dir/Middlewares/ST/STM32_USB_Device_Library/Core/Src/usbd_ioreq.c.obj
                0x080070f2                USBD_CtlPrepareRx
 .text.USBD_CtlContinueRx
                0x08007110       0x10 CMakeFiles/stm32.elf.dir/Middlewares/ST/STM32_USB_Device_Library/Core/Src/usbd_ioreq.c.obj
                0x08007110                USBD_CtlContinueRx
 .text.USBD_CtlSendStatus
                0x08007120       0x16 CMakeFiles/stm32.elf.dir/Middlewares/ST/STM32_USB_Device_Library/Core/Src/usbd_ioreq.c.obj
                0x08007120                USBD_CtlSendStatus
 .text.USBD_CtlReceiveStatus
                0x08007136       0x16 CMakeFiles/stm32.elf.dir/Middlewares/ST/STM32_USB_Device_Library/Core/Src/usbd_ioreq.c.obj
                0x08007136                USBD_CtlReceiveStatus
 .text.MX_USB_DEVICE_Init
                0x0800714c       0x54 CMakeFiles/stm32.elf.dir/USB_DEVICE/App/usb_device.c.obj
                0x0800714c                MX_USB_DEVICE_Init
 .text.CDC_DeInit_FS
                0x080071a0        0x4 CMakeFiles/stm32.elf.dir/USB_DEVICE/App/usbd_cdc_if.c.obj
 .text.CDC_Control_FS
                0x080071a4        0x4 CMakeFiles/stm32.elf.dir/USB_DEVICE/App/usbd_cdc_if.c.obj
 .text.CDC_TransmitCplt_FS
                0x080071a8        0x4 CMakeFiles/stm32.elf.dir/USB_DEVICE/App/usbd_cdc_if.c.obj
 .text.CDC_Receive_FS
                0x080071ac       0x1c CMakeFiles/stm32.elf.dir/USB_DEVICE/App/usbd_cdc_if.c.obj
 .text.CDC_Init_FS
                0x080071c8       0x28 CMakeFiles/stm32.elf.dir/USB_DEVICE/App/usbd_cdc_if.c.obj
 .text.CDC_Transmit_FS
                0x080071f0       0x2c CMakeFiles/stm32.elf.dir/USB_DEVICE/App/usbd_cdc_if.c.obj
                0x080071f0                CDC_Transmit_FS
 .text.USBD_FS_DeviceDescriptor
                0x0800721c        0xc CMakeFiles/stm32.elf.dir/USB_DEVICE/App/usbd_desc.c.obj
                0x0800721c                USBD_FS_DeviceDescriptor
 .text.USBD_FS_LangIDStrDescriptor
                0x08007228        0xc CMakeFiles/stm32.elf.dir/USB_DEVICE/App/usbd_desc.c.obj
                0x08007228                USBD_FS_LangIDStrDescriptor
 .text.IntToUnicode
                0x08007234       0x46 CMakeFiles/stm32.elf.dir/USB_DEVICE/App/usbd_desc.c.obj
 *fill*         0x0800727a        0x2 
 .text.Get_SerialNum
                0x0800727c       0x38 CMakeFiles/stm32.elf.dir/USB_DEVICE/App/usbd_desc.c.obj
 .text.USBD_FS_SerialStrDescriptor
                0x080072b4       0x14 CMakeFiles/stm32.elf.dir/USB_DEVICE/App/usbd_desc.c.obj
                0x080072b4                USBD_FS_SerialStrDescriptor
 .text.USBD_FS_ProductStrDescriptor
                0x080072c8       0x24 CMakeFiles/stm32.elf.dir/USB_DEVICE/App/usbd_desc.c.obj
                0x080072c8                USBD_FS_ProductStrDescriptor
 .text.USBD_FS_ManufacturerStrDescriptor
                0x080072ec       0x1c CMakeFiles/stm32.elf.dir/USB_DEVICE/App/usbd_desc.c.obj
                0x080072ec                USBD_FS_ManufacturerStrDescriptor
 .text.USBD_FS_ConfigStrDescriptor
                0x08007308       0x24 CMakeFiles/stm32.elf.dir/USB_DEVICE/App/usbd_desc.c.obj
                0x08007308                USBD_FS_ConfigStrDescriptor
 .text.USBD_FS_InterfaceStrDescriptor
                0x0800732c       0x24 CMakeFiles/stm32.elf.dir/USB_DEVICE/App/usbd_desc.c.obj
                0x0800732c                USBD_FS_InterfaceStrDescriptor
 .text.HAL_PCD_MspInit
                0x08007350       0x84 CMakeFiles/stm32.elf.dir/USB_DEVICE/Target/usbd_conf.c.obj
                0x08007350                HAL_PCD_MspInit
 .text.HAL_PCD_SetupStageCallback
                0x080073d4       0x10 CMakeFiles/stm32.elf.dir/USB_DEVICE/Target/usbd_conf.c.obj
                0x080073d4                HAL_PCD_SetupStageCallback
 .text.HAL_PCD_DataOutStageCallback
                0x080073e4       0x18 CMakeFiles/stm32.elf.dir/USB_DEVICE/Target/usbd_conf.c.obj
                0x080073e4                HAL_PCD_DataOutStageCallback
 .text.HAL_PCD_DataInStageCallback
                0x080073fc       0x16 CMakeFiles/stm32.elf.dir/USB_DEVICE/Target/usbd_conf.c.obj
                0x080073fc                HAL_PCD_DataInStageCallback
 .text.HAL_PCD_SOFCallback
                0x08007412        0xc CMakeFiles/stm32.elf.dir/USB_DEVICE/Target/usbd_conf.c.obj
                0x08007412                HAL_PCD_SOFCallback
 .text.HAL_PCD_ResetCallback
                0x0800741e       0x24 CMakeFiles/stm32.elf.dir/USB_DEVICE/Target/usbd_conf.c.obj
                0x0800741e                HAL_PCD_ResetCallback
 *fill*         0x08007442        0x2 
 .text.HAL_PCD_SuspendCallback
                0x08007444       0x30 CMakeFiles/stm32.elf.dir/USB_DEVICE/Target/usbd_conf.c.obj
                0x08007444                HAL_PCD_SuspendCallback
 .text.HAL_PCD_ResumeCallback
                0x08007474        0xc CMakeFiles/stm32.elf.dir/USB_DEVICE/Target/usbd_conf.c.obj
                0x08007474                HAL_PCD_ResumeCallback
 .text.HAL_PCD_ISOOUTIncompleteCallback
                0x08007480        0xc CMakeFiles/stm32.elf.dir/USB_DEVICE/Target/usbd_conf.c.obj
                0x08007480                HAL_PCD_ISOOUTIncompleteCallback
 .text.HAL_PCD_ISOINIncompleteCallback
                0x0800748c        0xc CMakeFiles/stm32.elf.dir/USB_DEVICE/Target/usbd_conf.c.obj
                0x0800748c                HAL_PCD_ISOINIncompleteCallback
 .text.HAL_PCD_ConnectCallback
                0x08007498        0xc CMakeFiles/stm32.elf.dir/USB_DEVICE/Target/usbd_conf.c.obj
                0x08007498                HAL_PCD_ConnectCallback
 .text.HAL_PCD_DisconnectCallback
                0x080074a4        0xc CMakeFiles/stm32.elf.dir/USB_DEVICE/Target/usbd_conf.c.obj
                0x080074a4                HAL_PCD_DisconnectCallback
 .text.USBD_LL_Init
                0x080074b0       0x68 CMakeFiles/stm32.elf.dir/USB_DEVICE/Target/usbd_conf.c.obj
                0x080074b0                USBD_LL_Init
 .text.USBD_LL_IsStallEP
                0x08007518       0x2c CMakeFiles/stm32.elf.dir/USB_DEVICE/Target/usbd_conf.c.obj
                0x08007518                USBD_LL_IsStallEP
 .text.USBD_LL_GetRxDataSize
                0x08007544        0xc CMakeFiles/stm32.elf.dir/USB_DEVICE/Target/usbd_conf.c.obj
                0x08007544                USBD_LL_GetRxDataSize
 .text.USBD_static_malloc
                0x08007550        0x8 CMakeFiles/stm32.elf.dir/USB_DEVICE/Target/usbd_conf.c.obj
                0x08007550                USBD_static_malloc
 .text.USBD_static_free
                0x08007558        0x2 CMakeFiles/stm32.elf.dir/USB_DEVICE/Target/usbd_conf.c.obj
                0x08007558                USBD_static_free
 .text.USBD_Get_USB_Status
                0x0800755a       0x14 CMakeFiles/stm32.elf.dir/USB_DEVICE/Target/usbd_conf.c.obj
                0x0800755a                USBD_Get_USB_Status
 .text.USBD_LL_Start
                0x0800756e       0x10 CMakeFiles/stm32.elf.dir/USB_DEVICE/Target/usbd_conf.c.obj
                0x0800756e                USBD_LL_Start
 .text.USBD_LL_OpenEP
                0x0800757e       0x16 CMakeFiles/stm32.elf.dir/USB_DEVICE/Target/usbd_conf.c.obj
                0x0800757e                USBD_LL_OpenEP
 .text.USBD_LL_CloseEP
                0x08007594       0x10 CMakeFiles/stm32.elf.dir/USB_DEVICE/Target/usbd_conf.c.obj
                0x08007594                USBD_LL_CloseEP
 .text.USBD_LL_StallEP
                0x080075a4       0x10 CMakeFiles/stm32.elf.dir/USB_DEVICE/Target/usbd_conf.c.obj
                0x080075a4                USBD_LL_StallEP
 .text.USBD_LL_ClearStallEP
                0x080075b4       0x10 CMakeFiles/stm32.elf.dir/USB_DEVICE/Target/usbd_conf.c.obj
                0x080075b4                USBD_LL_ClearStallEP
 .text.USBD_LL_SetUSBAddress
                0x080075c4       0x10 CMakeFiles/stm32.elf.dir/USB_DEVICE/Target/usbd_conf.c.obj
                0x080075c4                USBD_LL_SetUSBAddress
 .text.USBD_LL_Transmit
                0x080075d4       0x10 CMakeFiles/stm32.elf.dir/USB_DEVICE/Target/usbd_conf.c.obj
                0x080075d4                USBD_LL_Transmit
 .text.USBD_LL_PrepareReceive
                0x080075e4       0x10 CMakeFiles/stm32.elf.dir/USB_DEVICE/Target/usbd_conf.c.obj
                0x080075e4                USBD_LL_PrepareReceive
 .text.__udivmoddi4
                0x080075f4      0x2bc C:/PROGRA~2/ARMGNU~1/133167~1.3RE/bin/../lib/gcc/arm-none-eabi/13.3.1/thumb/v7e-m/nofp\libgcc.a(_udivmoddi4.o)
                0x080075f4                __udivmoddi4
 .text.stdio_exit_handler
                0x080078b0       0x18 C:/PROGRA~2/ARMGNU~1/133167~1.3RE/bin/../lib/gcc/arm-none-eabi/13.3.1/thumb/v7e-m/nofp\libg.a(libc_a-findfp.o)
 .text.cleanup_stdio
                0x080078c8       0x40 C:/PROGRA~2/ARMGNU~1/133167~1.3RE/bin/../lib/gcc/arm-none-eabi/13.3.1/thumb/v7e-m/nofp\libg.a(libc_a-findfp.o)
 .text.global_stdio_init.part.0
                0x08007908       0xf0 C:/PROGRA~2/ARMGNU~1/133167~1.3RE/bin/../lib/gcc/arm-none-eabi/13.3.1/thumb/v7e-m/nofp\libg.a(libc_a-findfp.o)
 .text.__sinit  0x080079f8       0x3c C:/PROGRA~2/ARMGNU~1/133167~1.3RE/bin/../lib/gcc/arm-none-eabi/13.3.1/thumb/v7e-m/nofp\libg.a(libc_a-findfp.o)
                0x080079f8                __sinit
 .text.__sfp_lock_acquire
                0x08007a34        0xc C:/PROGRA~2/ARMGNU~1/133167~1.3RE/bin/../lib/gcc/arm-none-eabi/13.3.1/thumb/v7e-m/nofp\libg.a(libc_a-findfp.o)
                0x08007a34                __sfp_lock_acquire
 .text.__sfp_lock_release
                0x08007a40        0xc C:/PROGRA~2/ARMGNU~1/133167~1.3RE/bin/../lib/gcc/arm-none-eabi/13.3.1/thumb/v7e-m/nofp\libg.a(libc_a-findfp.o)
                0x08007a40                __sfp_lock_release
 .text._fwalk_sglue
                0x08007a4c       0x44 C:/PROGRA~2/ARMGNU~1/133167~1.3RE/bin/../lib/gcc/arm-none-eabi/13.3.1/thumb/v7e-m/nofp\libg.a(libc_a-fwalk.o)
                0x08007a4c                _fwalk_sglue
 .text.sprintf  0x08007a90       0x44 C:/PROGRA~2/ARMGNU~1/133167~1.3RE/bin/../lib/gcc/arm-none-eabi/13.3.1/thumb/v7e-m/nofp\libg.a(libc_a-sprintf.o)
                0x08007a90                sprintf
 .text.__sread  0x08007ad4       0x24 C:/PROGRA~2/ARMGNU~1/133167~1.3RE/bin/../lib/gcc/arm-none-eabi/13.3.1/thumb/v7e-m/nofp\libg.a(libc_a-stdio.o)
                0x08007ad4                __sread
 .text.__swrite
                0x08007af8       0x40 C:/PROGRA~2/ARMGNU~1/133167~1.3RE/bin/../lib/gcc/arm-none-eabi/13.3.1/thumb/v7e-m/nofp\libg.a(libc_a-stdio.o)
                0x08007af8                __swrite
 .text.__sseek  0x08007b38       0x24 C:/PROGRA~2/ARMGNU~1/133167~1.3RE/bin/../lib/gcc/arm-none-eabi/13.3.1/thumb/v7e-m/nofp\libg.a(libc_a-stdio.o)
                0x08007b38                __sseek
 .text.__sclose
                0x08007b5c        0x8 C:/PROGRA~2/ARMGNU~1/133167~1.3RE/bin/../lib/gcc/arm-none-eabi/13.3.1/thumb/v7e-m/nofp\libg.a(libc_a-stdio.o)
                0x08007b5c                __sclose
 .text.memset   0x08007b64       0xa4 C:/PROGRA~2/ARMGNU~1/133167~1.3RE/bin/../lib/gcc/arm-none-eabi/13.3.1/thumb/v7e-m/nofp\libg.a(libc_a-memset.o)
                0x08007b64                memset
 .text._close_r
                0x08007c08       0x24 C:/PROGRA~2/ARMGNU~1/133167~1.3RE/bin/../lib/gcc/arm-none-eabi/13.3.1/thumb/v7e-m/nofp\libg.a(libc_a-closer.o)
                0x08007c08                _close_r
 .text._lseek_r
                0x08007c2c       0x2c C:/PROGRA~2/ARMGNU~1/133167~1.3RE/bin/../lib/gcc/arm-none-eabi/13.3.1/thumb/v7e-m/nofp\libg.a(libc_a-lseekr.o)
                0x08007c2c                _lseek_r
 .text._read_r  0x08007c58       0x2c C:/PROGRA~2/ARMGNU~1/133167~1.3RE/bin/../lib/gcc/arm-none-eabi/13.3.1/thumb/v7e-m/nofp\libg.a(libc_a-readr.o)
                0x08007c58                _read_r
 .text._write_r
                0x08007c84       0x2c C:/PROGRA~2/ARMGNU~1/133167~1.3RE/bin/../lib/gcc/arm-none-eabi/13.3.1/thumb/v7e-m/nofp\libg.a(libc_a-writer.o)
                0x08007c84                _write_r
 .text.__errno  0x08007cb0        0xc C:/PROGRA~2/ARMGNU~1/133167~1.3RE/bin/../lib/gcc/arm-none-eabi/13.3.1/thumb/v7e-m/nofp\libg.a(libc_a-errno.o)
                0x08007cb0                __errno
 .text.__libc_init_array
                0x08007cbc       0x50 C:/PROGRA~2/ARMGNU~1/133167~1.3RE/bin/../lib/gcc/arm-none-eabi/13.3.1/thumb/v7e-m/nofp\libg.a(libc_a-init.o)
                0x08007cbc                __libc_init_array
 .text.__retarget_lock_init_recursive
                0x08007d0c        0x4 C:/PROGRA~2/ARMGNU~1/133167~1.3RE/bin/../lib/gcc/arm-none-eabi/13.3.1/thumb/v7e-m/nofp\libg.a(libc_a-lock.o)
                0x08007d0c                __retarget_lock_init_recursive
 .text.__retarget_lock_close_recursive
                0x08007d10        0x4 C:/PROGRA~2/ARMGNU~1/133167~1.3RE/bin/../lib/gcc/arm-none-eabi/13.3.1/thumb/v7e-m/nofp\libg.a(libc_a-lock.o)
                0x08007d10                __retarget_lock_close_recursive
 .text.__retarget_lock_acquire_recursive
                0x08007d14        0x4 C:/PROGRA~2/ARMGNU~1/133167~1.3RE/bin/../lib/gcc/arm-none-eabi/13.3.1/thumb/v7e-m/nofp\libg.a(libc_a-lock.o)
                0x08007d14                __retarget_lock_acquire_recursive
 .text.__retarget_lock_release_recursive
                0x08007d18        0x4 C:/PROGRA~2/ARMGNU~1/133167~1.3RE/bin/../lib/gcc/arm-none-eabi/13.3.1/thumb/v7e-m/nofp\libg.a(libc_a-lock.o)
                0x08007d18                __retarget_lock_release_recursive
 .text.startup.register_fini
                0x08007d1c       0x14 C:/PROGRA~2/ARMGNU~1/133167~1.3RE/bin/../lib/gcc/arm-none-eabi/13.3.1/thumb/v7e-m/nofp\libg.a(libc_a-__call_atexit.o)
 .text.atexit   0x08007d30        0xc C:/PROGRA~2/ARMGNU~1/133167~1.3RE/bin/../lib/gcc/arm-none-eabi/13.3.1/thumb/v7e-m/nofp\libg.a(libc_a-atexit.o)
                0x08007d30                atexit
 .text._malloc_trim_r
                0x08007d3c       0xb8 C:/PROGRA~2/ARMGNU~1/133167~1.3RE/bin/../lib/gcc/arm-none-eabi/13.3.1/thumb/v7e-m/nofp\libg.a(libc_a-freer.o)
                0x08007d3c                _malloc_trim_r
 .text._free_r  0x08007df4      0x1f8 C:/PROGRA~2/ARMGNU~1/133167~1.3RE/bin/../lib/gcc/arm-none-eabi/13.3.1/thumb/v7e-m/nofp\libg.a(libc_a-freer.o)
                0x08007df4                _free_r
 .text._malloc_r
                0x08007fec      0x564 C:/PROGRA~2/ARMGNU~1/133167~1.3RE/bin/../lib/gcc/arm-none-eabi/13.3.1/thumb/v7e-m/nofp\libg.a(libc_a-mallocr.o)
                0x08007fec                _malloc_r
 .text.__malloc_lock
                0x08008550        0xc C:/PROGRA~2/ARMGNU~1/133167~1.3RE/bin/../lib/gcc/arm-none-eabi/13.3.1/thumb/v7e-m/nofp\libg.a(libc_a-mlock.o)
                0x08008550                __malloc_lock
 .text.__malloc_unlock
                0x0800855c        0xc C:/PROGRA~2/ARMGNU~1/133167~1.3RE/bin/../lib/gcc/arm-none-eabi/13.3.1/thumb/v7e-m/nofp\libg.a(libc_a-mlock.o)
                0x0800855c                __malloc_unlock
 .text._svfprintf_r
                0x08008568     0x1b6c C:/PROGRA~2/ARMGNU~1/133167~1.3RE/bin/../lib/gcc/arm-none-eabi/13.3.1/thumb/v7e-m/nofp\libg.a(libc_a-svfprintf.o)
                0x08008568                _svfprintf_r
 .text.__ssprint_r
                0x0800a0d4       0x58 C:/PROGRA~2/ARMGNU~1/133167~1.3RE/bin/../lib/gcc/arm-none-eabi/13.3.1/thumb/v7e-m/nofp\libg.a(libc_a-ssprint_r.o)
                0x0800a0d4                __ssprint_r
 .text._fclose_r
                0x0800a12c       0xc0 C:/PROGRA~2/ARMGNU~1/133167~1.3RE/bin/../lib/gcc/arm-none-eabi/13.3.1/thumb/v7e-m/nofp\libg.a(libc_a-fclose.o)
                0x0800a12c                _fclose_r
 .text.__sflush_r
                0x0800a1ec      0x128 C:/PROGRA~2/ARMGNU~1/133167~1.3RE/bin/../lib/gcc/arm-none-eabi/13.3.1/thumb/v7e-m/nofp\libg.a(libc_a-fflush.o)
                0x0800a1ec                __sflush_r
 .text._fflush_r
                0x0800a314       0x54 C:/PROGRA~2/ARMGNU~1/133167~1.3RE/bin/../lib/gcc/arm-none-eabi/13.3.1/thumb/v7e-m/nofp\libg.a(libc_a-fflush.o)
                0x0800a314                _fflush_r
 .text.strncpy  0x0800a368       0x68 C:/PROGRA~2/ARMGNU~1/133167~1.3RE/bin/../lib/gcc/arm-none-eabi/13.3.1/thumb/v7e-m/nofp\libg.a(libc_a-strncpy.o)
                0x0800a368                strncpy
 .text.__locale_mb_cur_max
                0x0800a3d0        0xc C:/PROGRA~2/ARMGNU~1/133167~1.3RE/bin/../lib/gcc/arm-none-eabi/13.3.1/thumb/v7e-m/nofp\libg.a(libc_a-locale.o)
                0x0800a3d0                __locale_mb_cur_max
 .text._localeconv_r
                0x0800a3dc        0x8 C:/PROGRA~2/ARMGNU~1/133167~1.3RE/bin/../lib/gcc/arm-none-eabi/13.3.1/thumb/v7e-m/nofp\libg.a(libc_a-localeconv.o)
                0x0800a3dc                _localeconv_r
 .text._sbrk_r  0x0800a3e4       0x24 C:/PROGRA~2/ARMGNU~1/133167~1.3RE/bin/../lib/gcc/arm-none-eabi/13.3.1/thumb/v7e-m/nofp\libg.a(libc_a-sbrkr.o)
                0x0800a3e4                _sbrk_r
 .text.__libc_fini_array
                0x0800a408       0x28 C:/PROGRA~2/ARMGNU~1/133167~1.3RE/bin/../lib/gcc/arm-none-eabi/13.3.1/thumb/v7e-m/nofp\libg.a(libc_a-fini.o)
                0x0800a408                __libc_fini_array
 .text.sysconf  0x0800a430       0x1c C:/PROGRA~2/ARMGNU~1/133167~1.3RE/bin/../lib/gcc/arm-none-eabi/13.3.1/thumb/v7e-m/nofp\libg.a(libc_a-sysconf.o)
                0x0800a430                sysconf
 .text.frexp    0x0800a44c       0x6c C:/PROGRA~2/ARMGNU~1/133167~1.3RE/bin/../lib/gcc/arm-none-eabi/13.3.1/thumb/v7e-m/nofp\libg.a(libm_a-s_frexp.o)
                0x0800a44c                frexp
 .text.__register_exitproc
                0x0800a4b8       0x80 C:/PROGRA~2/ARMGNU~1/133167~1.3RE/bin/../lib/gcc/arm-none-eabi/13.3.1/thumb/v7e-m/nofp\libg.a(libc_a-__atexit.o)
                0x0800a4b8                __register_exitproc
 .text.quorem   0x0800a538      0x12c C:/PROGRA~2/ARMGNU~1/133167~1.3RE/bin/../lib/gcc/arm-none-eabi/13.3.1/thumb/v7e-m/nofp\libg.a(libc_a-dtoa.o)
 *fill*         0x0800a664        0x4 
 .text._dtoa_r  0x0800a668      0xe80 C:/PROGRA~2/ARMGNU~1/133167~1.3RE/bin/../lib/gcc/arm-none-eabi/13.3.1/thumb/v7e-m/nofp\libg.a(libc_a-dtoa.o)
                0x0800a668                _dtoa_r
 .text.__ascii_mbtowc
                0x0800b4e8       0x2c C:/PROGRA~2/ARMGNU~1/133167~1.3RE/bin/../lib/gcc/arm-none-eabi/13.3.1/thumb/v7e-m/nofp\libg.a(libc_a-mbtowc_r.o)
                0x0800b4e8                __ascii_mbtowc
 .text._Balloc  0x0800b514       0x4c C:/PROGRA~2/ARMGNU~1/133167~1.3RE/bin/../lib/gcc/arm-none-eabi/13.3.1/thumb/v7e-m/nofp\libg.a(libc_a-mprec.o)
                0x0800b514                _Balloc
 .text._Bfree   0x0800b560       0x14 C:/PROGRA~2/ARMGNU~1/133167~1.3RE/bin/../lib/gcc/arm-none-eabi/13.3.1/thumb/v7e-m/nofp\libg.a(libc_a-mprec.o)
                0x0800b560                _Bfree
 .text.__multadd
                0x0800b574       0xa0 C:/PROGRA~2/ARMGNU~1/133167~1.3RE/bin/../lib/gcc/arm-none-eabi/13.3.1/thumb/v7e-m/nofp\libg.a(libc_a-mprec.o)
                0x0800b574                __multadd
 .text.__hi0bits
                0x0800b614       0x44 C:/PROGRA~2/ARMGNU~1/133167~1.3RE/bin/../lib/gcc/arm-none-eabi/13.3.1/thumb/v7e-m/nofp\libg.a(libc_a-mprec.o)
                0x0800b614                __hi0bits
 .text.__lo0bits
                0x0800b658       0x60 C:/PROGRA~2/ARMGNU~1/133167~1.3RE/bin/../lib/gcc/arm-none-eabi/13.3.1/thumb/v7e-m/nofp\libg.a(libc_a-mprec.o)
                0x0800b658                __lo0bits
 .text.__i2b    0x0800b6b8       0x5c C:/PROGRA~2/ARMGNU~1/133167~1.3RE/bin/../lib/gcc/arm-none-eabi/13.3.1/thumb/v7e-m/nofp\libg.a(libc_a-mprec.o)
                0x0800b6b8                __i2b
 .text.__multiply
                0x0800b714      0x16c C:/PROGRA~2/ARMGNU~1/133167~1.3RE/bin/../lib/gcc/arm-none-eabi/13.3.1/thumb/v7e-m/nofp\libg.a(libc_a-mprec.o)
                0x0800b714                __multiply
 .text.__pow5mult
                0x0800b880       0xb4 C:/PROGRA~2/ARMGNU~1/133167~1.3RE/bin/../lib/gcc/arm-none-eabi/13.3.1/thumb/v7e-m/nofp\libg.a(libc_a-mprec.o)
                0x0800b880                __pow5mult
 .text.__lshift
                0x0800b934       0xf0 C:/PROGRA~2/ARMGNU~1/133167~1.3RE/bin/../lib/gcc/arm-none-eabi/13.3.1/thumb/v7e-m/nofp\libg.a(libc_a-mprec.o)
                0x0800b934                __lshift
 .text.__mcmp   0x0800ba24       0x40 C:/PROGRA~2/ARMGNU~1/133167~1.3RE/bin/../lib/gcc/arm-none-eabi/13.3.1/thumb/v7e-m/nofp\libg.a(libc_a-mprec.o)
                0x0800ba24                __mcmp
 .text.__mdiff  0x0800ba64      0x178 C:/PROGRA~2/ARMGNU~1/133167~1.3RE/bin/../lib/gcc/arm-none-eabi/13.3.1/thumb/v7e-m/nofp\libg.a(libc_a-mprec.o)
                0x0800ba64                __mdiff
 .text.__d2b    0x0800bbdc       0xbc C:/PROGRA~2/ARMGNU~1/133167~1.3RE/bin/../lib/gcc/arm-none-eabi/13.3.1/thumb/v7e-m/nofp\libg.a(libc_a-mprec.o)
                0x0800bbdc                __d2b
 .text.__ascii_wctomb
                0x0800bc98       0x1c C:/PROGRA~2/ARMGNU~1/133167~1.3RE/bin/../lib/gcc/arm-none-eabi/13.3.1/thumb/v7e-m/nofp\libg.a(libc_a-wctomb_r.o)
                0x0800bc98                __ascii_wctomb
 .text._wcrtomb_r
                0x0800bcb4       0x4c C:/PROGRA~2/ARMGNU~1/133167~1.3RE/bin/../lib/gcc/arm-none-eabi/13.3.1/thumb/v7e-m/nofp\libg.a(libc_a-wcrtomb.o)
                0x0800bcb4                _wcrtomb_r
 .text._wcsrtombs_r
                0x0800bd00       0x1c C:/PROGRA~2/ARMGNU~1/133167~1.3RE/bin/../lib/gcc/arm-none-eabi/13.3.1/thumb/v7e-m/nofp\libg.a(libc_a-wcsrtombs.o)
                0x0800bd00                _wcsrtombs_r
 .text.__ssputs_r
                0x0800bd1c       0xc0 C:/PROGRA~2/ARMGNU~1/133167~1.3RE/bin/../lib/gcc/arm-none-eabi/13.3.1/thumb/v7e-m/nofp\libg.a(libc_a-ssputs_r.o)
                0x0800bd1c                __ssputs_r
 .text.memmove  0x0800bddc      0x100 C:/PROGRA~2/ARMGNU~1/133167~1.3RE/bin/../lib/gcc/arm-none-eabi/13.3.1/thumb/v7e-m/nofp\libg.a(libc_a-memmove.o)
                0x0800bddc                memmove
 .text.__assert_func
                0x0800bedc       0x40 C:/PROGRA~2/ARMGNU~1/133167~1.3RE/bin/../lib/gcc/arm-none-eabi/13.3.1/thumb/v7e-m/nofp\libg.a(libc_a-assert.o)
                0x0800bedc                __assert_func
 .text._calloc_r
                0x0800bf1c       0x6c C:/PROGRA~2/ARMGNU~1/133167~1.3RE/bin/../lib/gcc/arm-none-eabi/13.3.1/thumb/v7e-m/nofp\libg.a(libc_a-callocr.o)
                0x0800bf1c                _calloc_r
 .text._realloc_r
                0x0800bf88      0x344 C:/PROGRA~2/ARMGNU~1/133167~1.3RE/bin/../lib/gcc/arm-none-eabi/13.3.1/thumb/v7e-m/nofp\libg.a(libc_a-reallocr.o)
                0x0800bf88                _realloc_r
 .text._wcsnrtombs_l
                0x0800c2cc       0xec C:/PROGRA~2/ARMGNU~1/133167~1.3RE/bin/../lib/gcc/arm-none-eabi/13.3.1/thumb/v7e-m/nofp\libg.a(libc_a-wcsnrtombs.o)
                0x0800c2cc                _wcsnrtombs_l
 .text._wcsnrtombs_r
                0x0800c3b8       0x24 C:/PROGRA~2/ARMGNU~1/133167~1.3RE/bin/../lib/gcc/arm-none-eabi/13.3.1/thumb/v7e-m/nofp\libg.a(libc_a-wcsnrtombs.o)
                0x0800c3b8                _wcsnrtombs_r
 .text.fiprintf
                0x0800c3dc       0x28 C:/PROGRA~2/ARMGNU~1/133167~1.3RE/bin/../lib/gcc/arm-none-eabi/13.3.1/thumb/v7e-m/nofp\libg.a(libc_a-fiprintf.o)
                0x0800c3dc                fiprintf
 .text._vfiprintf_r
                0x0800c404      0xe6c C:/PROGRA~2/ARMGNU~1/133167~1.3RE/bin/../lib/gcc/arm-none-eabi/13.3.1/thumb/v7e-m/nofp\libg.a(libc_a-vfiprintf.o)
                0x0800c404                _vfiprintf_r
 .text.__sbprintf
                0x0800d270       0x80 C:/PROGRA~2/ARMGNU~1/133167~1.3RE/bin/../lib/gcc/arm-none-eabi/13.3.1/thumb/v7e-m/nofp\libg.a(libc_a-vfiprintf.o)
 .text.__sprint_r
                0x0800d2f0       0x20 C:/PROGRA~2/ARMGNU~1/133167~1.3RE/bin/../lib/gcc/arm-none-eabi/13.3.1/thumb/v7e-m/nofp\libg.a(libc_a-sprint_r.o)
                0x0800d2f0                __sprint_r
 .text.__sfvwrite_r
                0x0800d310      0x2f8 C:/PROGRA~2/ARMGNU~1/133167~1.3RE/bin/../lib/gcc/arm-none-eabi/13.3.1/thumb/v7e-m/nofp\libg.a(libc_a-fvwrite.o)
                0x0800d310                __sfvwrite_r
 .text.__swsetup_r
                0x0800d608       0xc4 C:/PROGRA~2/ARMGNU~1/133167~1.3RE/bin/../lib/gcc/arm-none-eabi/13.3.1/thumb/v7e-m/nofp\libg.a(libc_a-wsetup.o)
                0x0800d608                __swsetup_r
 .text.abort    0x0800d6cc       0x10 C:/PROGRA~2/ARMGNU~1/133167~1.3RE/bin/../lib/gcc/arm-none-eabi/13.3.1/thumb/v7e-m/nofp\libg.a(libc_a-abort.o)
                0x0800d6cc                abort
 .text.__smakebuf_r
                0x0800d6dc       0xdc C:/PROGRA~2/ARMGNU~1/133167~1.3RE/bin/../lib/gcc/arm-none-eabi/13.3.1/thumb/v7e-m/nofp\libg.a(libc_a-makebuf.o)
                0x0800d6dc                __smakebuf_r
 .text.raise    0x0800d7b8       0x58 C:/PROGRA~2/ARMGNU~1/133167~1.3RE/bin/../lib/gcc/arm-none-eabi/13.3.1/thumb/v7e-m/nofp\libg.a(libc_a-signal.o)
                0x0800d7b8                raise
 .text._fstat_r
                0x0800d810       0x2c C:/PROGRA~2/ARMGNU~1/133167~1.3RE/bin/../lib/gcc/arm-none-eabi/13.3.1/thumb/v7e-m/nofp\libg.a(libc_a-fstatr.o)
                0x0800d810                _fstat_r
 .text._isatty_r
                0x0800d83c       0x24 C:/PROGRA~2/ARMGNU~1/133167~1.3RE/bin/../lib/gcc/arm-none-eabi/13.3.1/thumb/v7e-m/nofp\libg.a(libc_a-isattyr.o)
                0x0800d83c                _isatty_r
 .text._kill_r  0x0800d860       0x2c C:/PROGRA~2/ARMGNU~1/133167~1.3RE/bin/../lib/gcc/arm-none-eabi/13.3.1/thumb/v7e-m/nofp\libg.a(libc_a-signalr.o)
                0x0800d860                _kill_r
 .text._getpid_r
                0x0800d88c        0x4 C:/PROGRA~2/ARMGNU~1/133167~1.3RE/bin/../lib/gcc/arm-none-eabi/13.3.1/thumb/v7e-m/nofp\libg.a(libc_a-signalr.o)
                0x0800d88c                _getpid_r
 *(.glue_7)
 .glue_7        0x0800d890        0x0 linker stubs
 *(.glue_7t)
 .glue_7t       0x0800d890        0x0 linker stubs
 *(.eh_frame)
 .eh_frame      0x0800d890        0x0 C:/PROGRA~2/ARMGNU~1/133167~1.3RE/bin/../lib/gcc/arm-none-eabi/13.3.1/thumb/v7e-m/nofp/crtbegin.o
 *(.init)
 .init          0x0800d890        0x4 C:/PROGRA~2/ARMGNU~1/133167~1.3RE/bin/../lib/gcc/arm-none-eabi/13.3.1/thumb/v7e-m/nofp/crti.o
                0x0800d890                _init
 .init          0x0800d894        0x8 C:/PROGRA~2/ARMGNU~1/133167~1.3RE/bin/../lib/gcc/arm-none-eabi/13.3.1/thumb/v7e-m/nofp/crtn.o
 *(.fini)
 .fini          0x0800d89c        0x4 C:/PROGRA~2/ARMGNU~1/133167~1.3RE/bin/../lib/gcc/arm-none-eabi/13.3.1/thumb/v7e-m/nofp/crti.o
                0x0800d89c                _fini
 .fini          0x0800d8a0        0x8 C:/PROGRA~2/ARMGNU~1/133167~1.3RE/bin/../lib/gcc/arm-none-eabi/13.3.1/thumb/v7e-m/nofp/crtn.o
                0x0800d8a8                        . = ALIGN (0x4)
                0x0800d8a8                        _etext = .

.vfp11_veneer   0x0800d8a8        0x0